// Jest Snapshot v1, https://goo.gl/fbAQLP

exports[`_grid.scss should generate grid code when the grid feature flag is on 1`] = `
"h1 {
  font-size: 2.625rem;
  font-weight: 300;
  line-height: 1.199;
  letter-spacing: 0; }

h2 {
  font-size: 2rem;
  font-weight: 300;
  line-height: 1.25;
  letter-spacing: 0; }

h3 {
  font-size: 1.75rem;
  font-weight: 400;
  line-height: 1.28572;
  letter-spacing: 0; }

h4 {
  font-size: 1.25rem;
  font-weight: 400;
  line-height: 1.4;
  letter-spacing: 0; }

h5 {
  font-size: 1rem;
  font-weight: 600;
  line-height: 1.375;
  letter-spacing: 0; }

h6 {
  font-size: 0.875rem;
  font-weight: 600;
  line-height: 1.28572;
  letter-spacing: 0.16px; }

p {
  font-size: 1rem;
  font-weight: 400;
  line-height: 1.5;
  letter-spacing: 0; }

a {
  color: #0f62fe; }

em {
  font-style: italic; }

@keyframes skeleton {
  0% {
    opacity: 0.3;
    transform: scaleX(0);
    transform-origin: left; }
  20% {
    opacity: 1;
    transform: scaleX(1);
    transform-origin: left; }
  28% {
    transform: scaleX(1);
    transform-origin: right; }
  51% {
    transform: scaleX(0);
    transform-origin: right; }
  58% {
    transform: scaleX(0);
    transform-origin: right; }
  82% {
    transform: scaleX(1);
    transform-origin: right; }
  83% {
    transform: scaleX(1);
    transform-origin: left; }
  96% {
    transform: scaleX(0);
    transform-origin: left; }
  100% {
    opacity: 0.3;
    transform: scaleX(0);
    transform-origin: left; } }

.bx--grid {
  margin-right: auto;
  margin-left: auto;
  max-width: 99rem;
  padding-right: 1rem;
  padding-left: 1rem; }
  @media (min-width: 42rem) {
    .bx--grid {
      padding-right: 2rem;
      padding-left: 2rem; } }
  @media (min-width: 99rem) {
    .bx--grid {
      padding-right: 2.5rem;
      padding-left: 2.5rem; } }

@media (min-width: 99rem) {
  .bx--grid--full-width {
    max-width: 100%; } }

.bx--row {
  display: flex;
  flex-wrap: wrap;
  margin-right: -1rem;
  margin-left: -1rem; }

.bx--row-padding [class*='bx--col'],
.bx--col-padding {
  padding-top: 1rem;
  padding-bottom: 1rem; }

.bx--grid--condensed [class*='bx--col'] {
  padding-top: 0.03125rem;
  padding-bottom: 0.03125rem; }

.bx--col {
  width: 100%;
  padding-right: 1rem;
  padding-left: 1rem; }
  .bx--row--condensed .bx--col,
  .bx--grid--condensed .bx--col {
    padding-right: 0.03125rem;
    padding-left: 0.03125rem; }
  .bx--row--narrow .bx--col,
  .bx--grid--narrow .bx--col {
    padding-right: 1rem;
    padding-left: 0; }

.bx--col-sm-0 {
  width: 100%;
  padding-right: 1rem;
  padding-left: 1rem; }
  .bx--row--condensed .bx--col-sm-0,
  .bx--grid--condensed .bx--col-sm-0 {
    padding-right: 0.03125rem;
    padding-left: 0.03125rem; }
  .bx--row--narrow .bx--col-sm-0,
  .bx--grid--narrow .bx--col-sm-0 {
    padding-right: 1rem;
    padding-left: 0; }

.bx--col-sm-1 {
  width: 100%;
  padding-right: 1rem;
  padding-left: 1rem; }
  .bx--row--condensed .bx--col-sm-1,
  .bx--grid--condensed .bx--col-sm-1 {
    padding-right: 0.03125rem;
    padding-left: 0.03125rem; }
  .bx--row--narrow .bx--col-sm-1,
  .bx--grid--narrow .bx--col-sm-1 {
    padding-right: 1rem;
    padding-left: 0; }

.bx--col-sm-2 {
  width: 100%;
  padding-right: 1rem;
  padding-left: 1rem; }
  .bx--row--condensed .bx--col-sm-2,
  .bx--grid--condensed .bx--col-sm-2 {
    padding-right: 0.03125rem;
    padding-left: 0.03125rem; }
  .bx--row--narrow .bx--col-sm-2,
  .bx--grid--narrow .bx--col-sm-2 {
    padding-right: 1rem;
    padding-left: 0; }

.bx--col-sm-3 {
  width: 100%;
  padding-right: 1rem;
  padding-left: 1rem; }
  .bx--row--condensed .bx--col-sm-3,
  .bx--grid--condensed .bx--col-sm-3 {
    padding-right: 0.03125rem;
    padding-left: 0.03125rem; }
  .bx--row--narrow .bx--col-sm-3,
  .bx--grid--narrow .bx--col-sm-3 {
    padding-right: 1rem;
    padding-left: 0; }

.bx--col-sm-4 {
  width: 100%;
  padding-right: 1rem;
  padding-left: 1rem; }
  .bx--row--condensed .bx--col-sm-4,
  .bx--grid--condensed .bx--col-sm-4 {
    padding-right: 0.03125rem;
    padding-left: 0.03125rem; }
  .bx--row--narrow .bx--col-sm-4,
  .bx--grid--narrow .bx--col-sm-4 {
    padding-right: 1rem;
    padding-left: 0; }

.bx--col-sm,
.bx--col-sm--auto {
  width: 100%;
  padding-right: 1rem;
  padding-left: 1rem; }
  .bx--row--condensed .bx--col-sm,
  .bx--grid--condensed .bx--col-sm, .bx--row--condensed
  .bx--col-sm--auto,
  .bx--grid--condensed
  .bx--col-sm--auto {
    padding-right: 0.03125rem;
    padding-left: 0.03125rem; }
  .bx--row--narrow .bx--col-sm,
  .bx--grid--narrow .bx--col-sm, .bx--row--narrow
  .bx--col-sm--auto,
  .bx--grid--narrow
  .bx--col-sm--auto {
    padding-right: 1rem;
    padding-left: 0; }

.bx--col,
.bx--col-sm {
  max-width: 100%;
  flex-basis: 0;
  flex-grow: 1; }

.bx--col--auto,
.bx--col-sm--auto {
  width: auto;
  max-width: 100%;
  flex: 1 0 0%; }

.bx--col-sm-0 {
  display: none; }

.bx--col-sm-1 {
  display: block;
  max-width: 25%;
  flex: 0 0 25%; }

.bx--col-sm-2 {
  display: block;
  max-width: 50%;
  flex: 0 0 50%; }

.bx--col-sm-3 {
  display: block;
  max-width: 75%;
  flex: 0 0 75%; }

.bx--col-sm-4 {
  display: block;
  max-width: 100%;
  flex: 0 0 100%; }

.bx--offset-sm-0 {
  margin-left: 0; }

.bx--offset-sm-1 {
  margin-left: 25%; }

.bx--offset-sm-2 {
  margin-left: 50%; }

.bx--offset-sm-3 {
  margin-left: 75%; }

.bx--col-md-0 {
  width: 100%;
  padding-right: 1rem;
  padding-left: 1rem; }
  .bx--row--condensed .bx--col-md-0,
  .bx--grid--condensed .bx--col-md-0 {
    padding-right: 0.03125rem;
    padding-left: 0.03125rem; }
  .bx--row--narrow .bx--col-md-0,
  .bx--grid--narrow .bx--col-md-0 {
    padding-right: 1rem;
    padding-left: 0; }

.bx--col-md-1 {
  width: 100%;
  padding-right: 1rem;
  padding-left: 1rem; }
  .bx--row--condensed .bx--col-md-1,
  .bx--grid--condensed .bx--col-md-1 {
    padding-right: 0.03125rem;
    padding-left: 0.03125rem; }
  .bx--row--narrow .bx--col-md-1,
  .bx--grid--narrow .bx--col-md-1 {
    padding-right: 1rem;
    padding-left: 0; }

.bx--col-md-2 {
  width: 100%;
  padding-right: 1rem;
  padding-left: 1rem; }
  .bx--row--condensed .bx--col-md-2,
  .bx--grid--condensed .bx--col-md-2 {
    padding-right: 0.03125rem;
    padding-left: 0.03125rem; }
  .bx--row--narrow .bx--col-md-2,
  .bx--grid--narrow .bx--col-md-2 {
    padding-right: 1rem;
    padding-left: 0; }

.bx--col-md-3 {
  width: 100%;
  padding-right: 1rem;
  padding-left: 1rem; }
  .bx--row--condensed .bx--col-md-3,
  .bx--grid--condensed .bx--col-md-3 {
    padding-right: 0.03125rem;
    padding-left: 0.03125rem; }
  .bx--row--narrow .bx--col-md-3,
  .bx--grid--narrow .bx--col-md-3 {
    padding-right: 1rem;
    padding-left: 0; }

.bx--col-md-4 {
  width: 100%;
  padding-right: 1rem;
  padding-left: 1rem; }
  .bx--row--condensed .bx--col-md-4,
  .bx--grid--condensed .bx--col-md-4 {
    padding-right: 0.03125rem;
    padding-left: 0.03125rem; }
  .bx--row--narrow .bx--col-md-4,
  .bx--grid--narrow .bx--col-md-4 {
    padding-right: 1rem;
    padding-left: 0; }

.bx--col-md-5 {
  width: 100%;
  padding-right: 1rem;
  padding-left: 1rem; }
  .bx--row--condensed .bx--col-md-5,
  .bx--grid--condensed .bx--col-md-5 {
    padding-right: 0.03125rem;
    padding-left: 0.03125rem; }
  .bx--row--narrow .bx--col-md-5,
  .bx--grid--narrow .bx--col-md-5 {
    padding-right: 1rem;
    padding-left: 0; }

.bx--col-md-6 {
  width: 100%;
  padding-right: 1rem;
  padding-left: 1rem; }
  .bx--row--condensed .bx--col-md-6,
  .bx--grid--condensed .bx--col-md-6 {
    padding-right: 0.03125rem;
    padding-left: 0.03125rem; }
  .bx--row--narrow .bx--col-md-6,
  .bx--grid--narrow .bx--col-md-6 {
    padding-right: 1rem;
    padding-left: 0; }

.bx--col-md-7 {
  width: 100%;
  padding-right: 1rem;
  padding-left: 1rem; }
  .bx--row--condensed .bx--col-md-7,
  .bx--grid--condensed .bx--col-md-7 {
    padding-right: 0.03125rem;
    padding-left: 0.03125rem; }
  .bx--row--narrow .bx--col-md-7,
  .bx--grid--narrow .bx--col-md-7 {
    padding-right: 1rem;
    padding-left: 0; }

.bx--col-md-8 {
  width: 100%;
  padding-right: 1rem;
  padding-left: 1rem; }
  .bx--row--condensed .bx--col-md-8,
  .bx--grid--condensed .bx--col-md-8 {
    padding-right: 0.03125rem;
    padding-left: 0.03125rem; }
  .bx--row--narrow .bx--col-md-8,
  .bx--grid--narrow .bx--col-md-8 {
    padding-right: 1rem;
    padding-left: 0; }

.bx--col-md,
.bx--col-md--auto {
  width: 100%;
  padding-right: 1rem;
  padding-left: 1rem; }
  .bx--row--condensed .bx--col-md,
  .bx--grid--condensed .bx--col-md, .bx--row--condensed
  .bx--col-md--auto,
  .bx--grid--condensed
  .bx--col-md--auto {
    padding-right: 0.03125rem;
    padding-left: 0.03125rem; }
  .bx--row--narrow .bx--col-md,
  .bx--grid--narrow .bx--col-md, .bx--row--narrow
  .bx--col-md--auto,
  .bx--grid--narrow
  .bx--col-md--auto {
    padding-right: 1rem;
    padding-left: 0; }

@media (min-width: 42rem) {
  .bx--col,
  .bx--col-md {
    max-width: 100%;
    flex-basis: 0;
    flex-grow: 1; }
  .bx--col--auto,
  .bx--col-md--auto {
    width: auto;
    max-width: 100%;
    flex: 1 0 0%; }
  .bx--col-md-0 {
    display: none; }
  .bx--col-md-1 {
    display: block;
    max-width: 12.5%;
    flex: 0 0 12.5%; }
  .bx--col-md-2 {
    display: block;
    max-width: 25%;
    flex: 0 0 25%; }
  .bx--col-md-3 {
    display: block;
    max-width: 37.5%;
    flex: 0 0 37.5%; }
  .bx--col-md-4 {
    display: block;
    max-width: 50%;
    flex: 0 0 50%; }
  .bx--col-md-5 {
    display: block;
    max-width: 62.5%;
    flex: 0 0 62.5%; }
  .bx--col-md-6 {
    display: block;
    max-width: 75%;
    flex: 0 0 75%; }
  .bx--col-md-7 {
    display: block;
    max-width: 87.5%;
    flex: 0 0 87.5%; }
  .bx--col-md-8 {
    display: block;
    max-width: 100%;
    flex: 0 0 100%; }
  .bx--offset-md-0 {
    margin-left: 0; }
  .bx--offset-md-1 {
    margin-left: 12.5%; }
  .bx--offset-md-2 {
    margin-left: 25%; }
  .bx--offset-md-3 {
    margin-left: 37.5%; }
  .bx--offset-md-4 {
    margin-left: 50%; }
  .bx--offset-md-5 {
    margin-left: 62.5%; }
  .bx--offset-md-6 {
    margin-left: 75%; }
  .bx--offset-md-7 {
    margin-left: 87.5%; } }

.bx--col-lg-0 {
  width: 100%;
  padding-right: 1rem;
  padding-left: 1rem; }
  .bx--row--condensed .bx--col-lg-0,
  .bx--grid--condensed .bx--col-lg-0 {
    padding-right: 0.03125rem;
    padding-left: 0.03125rem; }
  .bx--row--narrow .bx--col-lg-0,
  .bx--grid--narrow .bx--col-lg-0 {
    padding-right: 1rem;
    padding-left: 0; }

.bx--col-lg-1 {
  width: 100%;
  padding-right: 1rem;
  padding-left: 1rem; }
  .bx--row--condensed .bx--col-lg-1,
  .bx--grid--condensed .bx--col-lg-1 {
    padding-right: 0.03125rem;
    padding-left: 0.03125rem; }
  .bx--row--narrow .bx--col-lg-1,
  .bx--grid--narrow .bx--col-lg-1 {
    padding-right: 1rem;
    padding-left: 0; }

.bx--col-lg-2 {
  width: 100%;
  padding-right: 1rem;
  padding-left: 1rem; }
  .bx--row--condensed .bx--col-lg-2,
  .bx--grid--condensed .bx--col-lg-2 {
    padding-right: 0.03125rem;
    padding-left: 0.03125rem; }
  .bx--row--narrow .bx--col-lg-2,
  .bx--grid--narrow .bx--col-lg-2 {
    padding-right: 1rem;
    padding-left: 0; }

.bx--col-lg-3 {
  width: 100%;
  padding-right: 1rem;
  padding-left: 1rem; }
  .bx--row--condensed .bx--col-lg-3,
  .bx--grid--condensed .bx--col-lg-3 {
    padding-right: 0.03125rem;
    padding-left: 0.03125rem; }
  .bx--row--narrow .bx--col-lg-3,
  .bx--grid--narrow .bx--col-lg-3 {
    padding-right: 1rem;
    padding-left: 0; }

.bx--col-lg-4 {
  width: 100%;
  padding-right: 1rem;
  padding-left: 1rem; }
  .bx--row--condensed .bx--col-lg-4,
  .bx--grid--condensed .bx--col-lg-4 {
    padding-right: 0.03125rem;
    padding-left: 0.03125rem; }
  .bx--row--narrow .bx--col-lg-4,
  .bx--grid--narrow .bx--col-lg-4 {
    padding-right: 1rem;
    padding-left: 0; }

.bx--col-lg-5 {
  width: 100%;
  padding-right: 1rem;
  padding-left: 1rem; }
  .bx--row--condensed .bx--col-lg-5,
  .bx--grid--condensed .bx--col-lg-5 {
    padding-right: 0.03125rem;
    padding-left: 0.03125rem; }
  .bx--row--narrow .bx--col-lg-5,
  .bx--grid--narrow .bx--col-lg-5 {
    padding-right: 1rem;
    padding-left: 0; }

.bx--col-lg-6 {
  width: 100%;
  padding-right: 1rem;
  padding-left: 1rem; }
  .bx--row--condensed .bx--col-lg-6,
  .bx--grid--condensed .bx--col-lg-6 {
    padding-right: 0.03125rem;
    padding-left: 0.03125rem; }
  .bx--row--narrow .bx--col-lg-6,
  .bx--grid--narrow .bx--col-lg-6 {
    padding-right: 1rem;
    padding-left: 0; }

.bx--col-lg-7 {
  width: 100%;
  padding-right: 1rem;
  padding-left: 1rem; }
  .bx--row--condensed .bx--col-lg-7,
  .bx--grid--condensed .bx--col-lg-7 {
    padding-right: 0.03125rem;
    padding-left: 0.03125rem; }
  .bx--row--narrow .bx--col-lg-7,
  .bx--grid--narrow .bx--col-lg-7 {
    padding-right: 1rem;
    padding-left: 0; }

.bx--col-lg-8 {
  width: 100%;
  padding-right: 1rem;
  padding-left: 1rem; }
  .bx--row--condensed .bx--col-lg-8,
  .bx--grid--condensed .bx--col-lg-8 {
    padding-right: 0.03125rem;
    padding-left: 0.03125rem; }
  .bx--row--narrow .bx--col-lg-8,
  .bx--grid--narrow .bx--col-lg-8 {
    padding-right: 1rem;
    padding-left: 0; }

.bx--col-lg-9 {
  width: 100%;
  padding-right: 1rem;
  padding-left: 1rem; }
  .bx--row--condensed .bx--col-lg-9,
  .bx--grid--condensed .bx--col-lg-9 {
    padding-right: 0.03125rem;
    padding-left: 0.03125rem; }
  .bx--row--narrow .bx--col-lg-9,
  .bx--grid--narrow .bx--col-lg-9 {
    padding-right: 1rem;
    padding-left: 0; }

.bx--col-lg-10 {
  width: 100%;
  padding-right: 1rem;
  padding-left: 1rem; }
  .bx--row--condensed .bx--col-lg-10,
  .bx--grid--condensed .bx--col-lg-10 {
    padding-right: 0.03125rem;
    padding-left: 0.03125rem; }
  .bx--row--narrow .bx--col-lg-10,
  .bx--grid--narrow .bx--col-lg-10 {
    padding-right: 1rem;
    padding-left: 0; }

.bx--col-lg-11 {
  width: 100%;
  padding-right: 1rem;
  padding-left: 1rem; }
  .bx--row--condensed .bx--col-lg-11,
  .bx--grid--condensed .bx--col-lg-11 {
    padding-right: 0.03125rem;
    padding-left: 0.03125rem; }
  .bx--row--narrow .bx--col-lg-11,
  .bx--grid--narrow .bx--col-lg-11 {
    padding-right: 1rem;
    padding-left: 0; }

.bx--col-lg-12 {
  width: 100%;
  padding-right: 1rem;
  padding-left: 1rem; }
  .bx--row--condensed .bx--col-lg-12,
  .bx--grid--condensed .bx--col-lg-12 {
    padding-right: 0.03125rem;
    padding-left: 0.03125rem; }
  .bx--row--narrow .bx--col-lg-12,
  .bx--grid--narrow .bx--col-lg-12 {
    padding-right: 1rem;
    padding-left: 0; }

.bx--col-lg,
.bx--col-lg--auto {
  width: 100%;
  padding-right: 1rem;
  padding-left: 1rem; }
  .bx--row--condensed .bx--col-lg,
  .bx--grid--condensed .bx--col-lg, .bx--row--condensed
  .bx--col-lg--auto,
  .bx--grid--condensed
  .bx--col-lg--auto {
    padding-right: 0.03125rem;
    padding-left: 0.03125rem; }
  .bx--row--narrow .bx--col-lg,
  .bx--grid--narrow .bx--col-lg, .bx--row--narrow
  .bx--col-lg--auto,
  .bx--grid--narrow
  .bx--col-lg--auto {
    padding-right: 1rem;
    padding-left: 0; }

@media (min-width: 66rem) {
  .bx--col,
  .bx--col-lg {
    max-width: 100%;
    flex-basis: 0;
    flex-grow: 1; }
  .bx--col--auto,
  .bx--col-lg--auto {
    width: auto;
    max-width: 100%;
    flex: 1 0 0%; }
  .bx--col-lg-0 {
    display: none; }
  .bx--col-lg-1 {
    display: block;
    max-width: 8.33333%;
    flex: 0 0 8.33333%; }
  .bx--col-lg-2 {
    display: block;
    max-width: 16.66667%;
    flex: 0 0 16.66667%; }
  .bx--col-lg-3 {
    display: block;
    max-width: 25%;
    flex: 0 0 25%; }
  .bx--col-lg-4 {
    display: block;
    max-width: 33.33333%;
    flex: 0 0 33.33333%; }
  .bx--col-lg-5 {
    display: block;
    max-width: 41.66667%;
    flex: 0 0 41.66667%; }
  .bx--col-lg-6 {
    display: block;
    max-width: 50%;
    flex: 0 0 50%; }
  .bx--col-lg-7 {
    display: block;
    max-width: 58.33333%;
    flex: 0 0 58.33333%; }
  .bx--col-lg-8 {
    display: block;
    max-width: 66.66667%;
    flex: 0 0 66.66667%; }
  .bx--col-lg-9 {
    display: block;
    max-width: 75%;
    flex: 0 0 75%; }
  .bx--col-lg-10 {
    display: block;
    max-width: 83.33333%;
    flex: 0 0 83.33333%; }
  .bx--col-lg-11 {
    display: block;
    max-width: 91.66667%;
    flex: 0 0 91.66667%; }
  .bx--col-lg-12 {
    display: block;
    max-width: 100%;
    flex: 0 0 100%; }
  .bx--offset-lg-0 {
    margin-left: 0; }
  .bx--offset-lg-1 {
    margin-left: 8.33333%; }
  .bx--offset-lg-2 {
    margin-left: 16.66667%; }
  .bx--offset-lg-3 {
    margin-left: 25%; }
  .bx--offset-lg-4 {
    margin-left: 33.33333%; }
  .bx--offset-lg-5 {
    margin-left: 41.66667%; }
  .bx--offset-lg-6 {
    margin-left: 50%; }
  .bx--offset-lg-7 {
    margin-left: 58.33333%; }
  .bx--offset-lg-8 {
    margin-left: 66.66667%; }
  .bx--offset-lg-9 {
    margin-left: 75%; }
  .bx--offset-lg-10 {
    margin-left: 83.33333%; }
  .bx--offset-lg-11 {
    margin-left: 91.66667%; } }

.bx--col-xlg-0 {
  width: 100%;
  padding-right: 1rem;
  padding-left: 1rem; }
  .bx--row--condensed .bx--col-xlg-0,
  .bx--grid--condensed .bx--col-xlg-0 {
    padding-right: 0.03125rem;
    padding-left: 0.03125rem; }
  .bx--row--narrow .bx--col-xlg-0,
  .bx--grid--narrow .bx--col-xlg-0 {
    padding-right: 1rem;
    padding-left: 0; }

.bx--col-xlg-1 {
  width: 100%;
  padding-right: 1rem;
  padding-left: 1rem; }
  .bx--row--condensed .bx--col-xlg-1,
  .bx--grid--condensed .bx--col-xlg-1 {
    padding-right: 0.03125rem;
    padding-left: 0.03125rem; }
  .bx--row--narrow .bx--col-xlg-1,
  .bx--grid--narrow .bx--col-xlg-1 {
    padding-right: 1rem;
    padding-left: 0; }

.bx--col-xlg-2 {
  width: 100%;
  padding-right: 1rem;
  padding-left: 1rem; }
  .bx--row--condensed .bx--col-xlg-2,
  .bx--grid--condensed .bx--col-xlg-2 {
    padding-right: 0.03125rem;
    padding-left: 0.03125rem; }
  .bx--row--narrow .bx--col-xlg-2,
  .bx--grid--narrow .bx--col-xlg-2 {
    padding-right: 1rem;
    padding-left: 0; }

.bx--col-xlg-3 {
  width: 100%;
  padding-right: 1rem;
  padding-left: 1rem; }
  .bx--row--condensed .bx--col-xlg-3,
  .bx--grid--condensed .bx--col-xlg-3 {
    padding-right: 0.03125rem;
    padding-left: 0.03125rem; }
  .bx--row--narrow .bx--col-xlg-3,
  .bx--grid--narrow .bx--col-xlg-3 {
    padding-right: 1rem;
    padding-left: 0; }

.bx--col-xlg-4 {
  width: 100%;
  padding-right: 1rem;
  padding-left: 1rem; }
  .bx--row--condensed .bx--col-xlg-4,
  .bx--grid--condensed .bx--col-xlg-4 {
    padding-right: 0.03125rem;
    padding-left: 0.03125rem; }
  .bx--row--narrow .bx--col-xlg-4,
  .bx--grid--narrow .bx--col-xlg-4 {
    padding-right: 1rem;
    padding-left: 0; }

.bx--col-xlg-5 {
  width: 100%;
  padding-right: 1rem;
  padding-left: 1rem; }
  .bx--row--condensed .bx--col-xlg-5,
  .bx--grid--condensed .bx--col-xlg-5 {
    padding-right: 0.03125rem;
    padding-left: 0.03125rem; }
  .bx--row--narrow .bx--col-xlg-5,
  .bx--grid--narrow .bx--col-xlg-5 {
    padding-right: 1rem;
    padding-left: 0; }

.bx--col-xlg-6 {
  width: 100%;
  padding-right: 1rem;
  padding-left: 1rem; }
  .bx--row--condensed .bx--col-xlg-6,
  .bx--grid--condensed .bx--col-xlg-6 {
    padding-right: 0.03125rem;
    padding-left: 0.03125rem; }
  .bx--row--narrow .bx--col-xlg-6,
  .bx--grid--narrow .bx--col-xlg-6 {
    padding-right: 1rem;
    padding-left: 0; }

.bx--col-xlg-7 {
  width: 100%;
  padding-right: 1rem;
  padding-left: 1rem; }
  .bx--row--condensed .bx--col-xlg-7,
  .bx--grid--condensed .bx--col-xlg-7 {
    padding-right: 0.03125rem;
    padding-left: 0.03125rem; }
  .bx--row--narrow .bx--col-xlg-7,
  .bx--grid--narrow .bx--col-xlg-7 {
    padding-right: 1rem;
    padding-left: 0; }

.bx--col-xlg-8 {
  width: 100%;
  padding-right: 1rem;
  padding-left: 1rem; }
  .bx--row--condensed .bx--col-xlg-8,
  .bx--grid--condensed .bx--col-xlg-8 {
    padding-right: 0.03125rem;
    padding-left: 0.03125rem; }
  .bx--row--narrow .bx--col-xlg-8,
  .bx--grid--narrow .bx--col-xlg-8 {
    padding-right: 1rem;
    padding-left: 0; }

.bx--col-xlg-9 {
  width: 100%;
  padding-right: 1rem;
  padding-left: 1rem; }
  .bx--row--condensed .bx--col-xlg-9,
  .bx--grid--condensed .bx--col-xlg-9 {
    padding-right: 0.03125rem;
    padding-left: 0.03125rem; }
  .bx--row--narrow .bx--col-xlg-9,
  .bx--grid--narrow .bx--col-xlg-9 {
    padding-right: 1rem;
    padding-left: 0; }

.bx--col-xlg-10 {
  width: 100%;
  padding-right: 1rem;
  padding-left: 1rem; }
  .bx--row--condensed .bx--col-xlg-10,
  .bx--grid--condensed .bx--col-xlg-10 {
    padding-right: 0.03125rem;
    padding-left: 0.03125rem; }
  .bx--row--narrow .bx--col-xlg-10,
  .bx--grid--narrow .bx--col-xlg-10 {
    padding-right: 1rem;
    padding-left: 0; }

.bx--col-xlg-11 {
  width: 100%;
  padding-right: 1rem;
  padding-left: 1rem; }
  .bx--row--condensed .bx--col-xlg-11,
  .bx--grid--condensed .bx--col-xlg-11 {
    padding-right: 0.03125rem;
    padding-left: 0.03125rem; }
  .bx--row--narrow .bx--col-xlg-11,
  .bx--grid--narrow .bx--col-xlg-11 {
    padding-right: 1rem;
    padding-left: 0; }

.bx--col-xlg-12 {
  width: 100%;
  padding-right: 1rem;
  padding-left: 1rem; }
  .bx--row--condensed .bx--col-xlg-12,
  .bx--grid--condensed .bx--col-xlg-12 {
    padding-right: 0.03125rem;
    padding-left: 0.03125rem; }
  .bx--row--narrow .bx--col-xlg-12,
  .bx--grid--narrow .bx--col-xlg-12 {
    padding-right: 1rem;
    padding-left: 0; }

.bx--col-xlg,
.bx--col-xlg--auto {
  width: 100%;
  padding-right: 1rem;
  padding-left: 1rem; }
  .bx--row--condensed .bx--col-xlg,
  .bx--grid--condensed .bx--col-xlg, .bx--row--condensed
  .bx--col-xlg--auto,
  .bx--grid--condensed
  .bx--col-xlg--auto {
    padding-right: 0.03125rem;
    padding-left: 0.03125rem; }
  .bx--row--narrow .bx--col-xlg,
  .bx--grid--narrow .bx--col-xlg, .bx--row--narrow
  .bx--col-xlg--auto,
  .bx--grid--narrow
  .bx--col-xlg--auto {
    padding-right: 1rem;
    padding-left: 0; }

@media (min-width: 82rem) {
  .bx--col,
  .bx--col-xlg {
    max-width: 100%;
    flex-basis: 0;
    flex-grow: 1; }
  .bx--col--auto,
  .bx--col-xlg--auto {
    width: auto;
    max-width: 100%;
    flex: 1 0 0%; }
  .bx--col-xlg-0 {
    display: none; }
  .bx--col-xlg-1 {
    display: block;
    max-width: 8.33333%;
    flex: 0 0 8.33333%; }
  .bx--col-xlg-2 {
    display: block;
    max-width: 16.66667%;
    flex: 0 0 16.66667%; }
  .bx--col-xlg-3 {
    display: block;
    max-width: 25%;
    flex: 0 0 25%; }
  .bx--col-xlg-4 {
    display: block;
    max-width: 33.33333%;
    flex: 0 0 33.33333%; }
  .bx--col-xlg-5 {
    display: block;
    max-width: 41.66667%;
    flex: 0 0 41.66667%; }
  .bx--col-xlg-6 {
    display: block;
    max-width: 50%;
    flex: 0 0 50%; }
  .bx--col-xlg-7 {
    display: block;
    max-width: 58.33333%;
    flex: 0 0 58.33333%; }
  .bx--col-xlg-8 {
    display: block;
    max-width: 66.66667%;
    flex: 0 0 66.66667%; }
  .bx--col-xlg-9 {
    display: block;
    max-width: 75%;
    flex: 0 0 75%; }
  .bx--col-xlg-10 {
    display: block;
    max-width: 83.33333%;
    flex: 0 0 83.33333%; }
  .bx--col-xlg-11 {
    display: block;
    max-width: 91.66667%;
    flex: 0 0 91.66667%; }
  .bx--col-xlg-12 {
    display: block;
    max-width: 100%;
    flex: 0 0 100%; }
  .bx--offset-xlg-0 {
    margin-left: 0; }
  .bx--offset-xlg-1 {
    margin-left: 8.33333%; }
  .bx--offset-xlg-2 {
    margin-left: 16.66667%; }
  .bx--offset-xlg-3 {
    margin-left: 25%; }
  .bx--offset-xlg-4 {
    margin-left: 33.33333%; }
  .bx--offset-xlg-5 {
    margin-left: 41.66667%; }
  .bx--offset-xlg-6 {
    margin-left: 50%; }
  .bx--offset-xlg-7 {
    margin-left: 58.33333%; }
  .bx--offset-xlg-8 {
    margin-left: 66.66667%; }
  .bx--offset-xlg-9 {
    margin-left: 75%; }
  .bx--offset-xlg-10 {
    margin-left: 83.33333%; }
  .bx--offset-xlg-11 {
    margin-left: 91.66667%; } }

.bx--col-max-0 {
  width: 100%;
  padding-right: 1rem;
  padding-left: 1rem; }
  .bx--row--condensed .bx--col-max-0,
  .bx--grid--condensed .bx--col-max-0 {
    padding-right: 0.03125rem;
    padding-left: 0.03125rem; }
  .bx--row--narrow .bx--col-max-0,
  .bx--grid--narrow .bx--col-max-0 {
    padding-right: 1rem;
    padding-left: 0; }

.bx--col-max-1 {
  width: 100%;
  padding-right: 1rem;
  padding-left: 1rem; }
  .bx--row--condensed .bx--col-max-1,
  .bx--grid--condensed .bx--col-max-1 {
    padding-right: 0.03125rem;
    padding-left: 0.03125rem; }
  .bx--row--narrow .bx--col-max-1,
  .bx--grid--narrow .bx--col-max-1 {
    padding-right: 1rem;
    padding-left: 0; }

.bx--col-max-2 {
  width: 100%;
  padding-right: 1rem;
  padding-left: 1rem; }
  .bx--row--condensed .bx--col-max-2,
  .bx--grid--condensed .bx--col-max-2 {
    padding-right: 0.03125rem;
    padding-left: 0.03125rem; }
  .bx--row--narrow .bx--col-max-2,
  .bx--grid--narrow .bx--col-max-2 {
    padding-right: 1rem;
    padding-left: 0; }

.bx--col-max-3 {
  width: 100%;
  padding-right: 1rem;
  padding-left: 1rem; }
  .bx--row--condensed .bx--col-max-3,
  .bx--grid--condensed .bx--col-max-3 {
    padding-right: 0.03125rem;
    padding-left: 0.03125rem; }
  .bx--row--narrow .bx--col-max-3,
  .bx--grid--narrow .bx--col-max-3 {
    padding-right: 1rem;
    padding-left: 0; }

.bx--col-max-4 {
  width: 100%;
  padding-right: 1rem;
  padding-left: 1rem; }
  .bx--row--condensed .bx--col-max-4,
  .bx--grid--condensed .bx--col-max-4 {
    padding-right: 0.03125rem;
    padding-left: 0.03125rem; }
  .bx--row--narrow .bx--col-max-4,
  .bx--grid--narrow .bx--col-max-4 {
    padding-right: 1rem;
    padding-left: 0; }

.bx--col-max-5 {
  width: 100%;
  padding-right: 1rem;
  padding-left: 1rem; }
  .bx--row--condensed .bx--col-max-5,
  .bx--grid--condensed .bx--col-max-5 {
    padding-right: 0.03125rem;
    padding-left: 0.03125rem; }
  .bx--row--narrow .bx--col-max-5,
  .bx--grid--narrow .bx--col-max-5 {
    padding-right: 1rem;
    padding-left: 0; }

.bx--col-max-6 {
  width: 100%;
  padding-right: 1rem;
  padding-left: 1rem; }
  .bx--row--condensed .bx--col-max-6,
  .bx--grid--condensed .bx--col-max-6 {
    padding-right: 0.03125rem;
    padding-left: 0.03125rem; }
  .bx--row--narrow .bx--col-max-6,
  .bx--grid--narrow .bx--col-max-6 {
    padding-right: 1rem;
    padding-left: 0; }

.bx--col-max-7 {
  width: 100%;
  padding-right: 1rem;
  padding-left: 1rem; }
  .bx--row--condensed .bx--col-max-7,
  .bx--grid--condensed .bx--col-max-7 {
    padding-right: 0.03125rem;
    padding-left: 0.03125rem; }
  .bx--row--narrow .bx--col-max-7,
  .bx--grid--narrow .bx--col-max-7 {
    padding-right: 1rem;
    padding-left: 0; }

.bx--col-max-8 {
  width: 100%;
  padding-right: 1rem;
  padding-left: 1rem; }
  .bx--row--condensed .bx--col-max-8,
  .bx--grid--condensed .bx--col-max-8 {
    padding-right: 0.03125rem;
    padding-left: 0.03125rem; }
  .bx--row--narrow .bx--col-max-8,
  .bx--grid--narrow .bx--col-max-8 {
    padding-right: 1rem;
    padding-left: 0; }

.bx--col-max-9 {
  width: 100%;
  padding-right: 1rem;
  padding-left: 1rem; }
  .bx--row--condensed .bx--col-max-9,
  .bx--grid--condensed .bx--col-max-9 {
    padding-right: 0.03125rem;
    padding-left: 0.03125rem; }
  .bx--row--narrow .bx--col-max-9,
  .bx--grid--narrow .bx--col-max-9 {
    padding-right: 1rem;
    padding-left: 0; }

.bx--col-max-10 {
  width: 100%;
  padding-right: 1rem;
  padding-left: 1rem; }
  .bx--row--condensed .bx--col-max-10,
  .bx--grid--condensed .bx--col-max-10 {
    padding-right: 0.03125rem;
    padding-left: 0.03125rem; }
  .bx--row--narrow .bx--col-max-10,
  .bx--grid--narrow .bx--col-max-10 {
    padding-right: 1rem;
    padding-left: 0; }

.bx--col-max-11 {
  width: 100%;
  padding-right: 1rem;
  padding-left: 1rem; }
  .bx--row--condensed .bx--col-max-11,
  .bx--grid--condensed .bx--col-max-11 {
    padding-right: 0.03125rem;
    padding-left: 0.03125rem; }
  .bx--row--narrow .bx--col-max-11,
  .bx--grid--narrow .bx--col-max-11 {
    padding-right: 1rem;
    padding-left: 0; }

.bx--col-max-12 {
  width: 100%;
  padding-right: 1rem;
  padding-left: 1rem; }
  .bx--row--condensed .bx--col-max-12,
  .bx--grid--condensed .bx--col-max-12 {
    padding-right: 0.03125rem;
    padding-left: 0.03125rem; }
  .bx--row--narrow .bx--col-max-12,
  .bx--grid--narrow .bx--col-max-12 {
    padding-right: 1rem;
    padding-left: 0; }

.bx--col-max,
.bx--col-max--auto {
  width: 100%;
  padding-right: 1rem;
  padding-left: 1rem; }
  .bx--row--condensed .bx--col-max,
  .bx--grid--condensed .bx--col-max, .bx--row--condensed
  .bx--col-max--auto,
  .bx--grid--condensed
  .bx--col-max--auto {
    padding-right: 0.03125rem;
    padding-left: 0.03125rem; }
  .bx--row--narrow .bx--col-max,
  .bx--grid--narrow .bx--col-max, .bx--row--narrow
  .bx--col-max--auto,
  .bx--grid--narrow
  .bx--col-max--auto {
    padding-right: 1rem;
    padding-left: 0; }

@media (min-width: 99rem) {
  .bx--col,
  .bx--col-max {
    max-width: 100%;
    flex-basis: 0;
    flex-grow: 1; }
  .bx--col--auto,
  .bx--col-max--auto {
    width: auto;
    max-width: 100%;
    flex: 1 0 0%; }
  .bx--col-max-0 {
    display: none; }
  .bx--col-max-1 {
    display: block;
    max-width: 8.33333%;
    flex: 0 0 8.33333%; }
  .bx--col-max-2 {
    display: block;
    max-width: 16.66667%;
    flex: 0 0 16.66667%; }
  .bx--col-max-3 {
    display: block;
    max-width: 25%;
    flex: 0 0 25%; }
  .bx--col-max-4 {
    display: block;
    max-width: 33.33333%;
    flex: 0 0 33.33333%; }
  .bx--col-max-5 {
    display: block;
    max-width: 41.66667%;
    flex: 0 0 41.66667%; }
  .bx--col-max-6 {
    display: block;
    max-width: 50%;
    flex: 0 0 50%; }
  .bx--col-max-7 {
    display: block;
    max-width: 58.33333%;
    flex: 0 0 58.33333%; }
  .bx--col-max-8 {
    display: block;
    max-width: 66.66667%;
    flex: 0 0 66.66667%; }
  .bx--col-max-9 {
    display: block;
    max-width: 75%;
    flex: 0 0 75%; }
  .bx--col-max-10 {
    display: block;
    max-width: 83.33333%;
    flex: 0 0 83.33333%; }
  .bx--col-max-11 {
    display: block;
    max-width: 91.66667%;
    flex: 0 0 91.66667%; }
  .bx--col-max-12 {
    display: block;
    max-width: 100%;
    flex: 0 0 100%; }
  .bx--offset-max-0 {
    margin-left: 0; }
  .bx--offset-max-1 {
    margin-left: 8.33333%; }
  .bx--offset-max-2 {
    margin-left: 16.66667%; }
  .bx--offset-max-3 {
    margin-left: 25%; }
  .bx--offset-max-4 {
    margin-left: 33.33333%; }
  .bx--offset-max-5 {
    margin-left: 41.66667%; }
  .bx--offset-max-6 {
    margin-left: 50%; }
  .bx--offset-max-7 {
    margin-left: 58.33333%; }
  .bx--offset-max-8 {
    margin-left: 66.66667%; }
  .bx--offset-max-9 {
    margin-left: 75%; }
  .bx--offset-max-10 {
    margin-left: 83.33333%; }
  .bx--offset-max-11 {
    margin-left: 91.66667%; } }

.bx--no-gutter,
.bx--row.bx--no-gutter [class*='bx--col'] {
  padding-right: 0;
  padding-left: 0; }

.bx--no-gutter--start,
.bx--row.bx--no-gutter--start [class*='bx--col'] {
  padding-left: 0; }

.bx--no-gutter--end,
.bx--row.bx--no-gutter--end [class*='bx--col'] {
  padding-right: 0; }

.bx--no-gutter--left,
.bx--row.bx--no-gutter--left [class*='bx--col'] {
  padding-left: 0; }

.bx--no-gutter--right,
.bx--row.bx--no-gutter--right [class*='bx--col'] {
  padding-right: 0; }

.bx--hang--start {
  padding-left: 1rem; }

.bx--hang--end {
  padding-right: 1rem; }

.bx--hang--left {
  padding-left: 1rem; }

.bx--hang--right {
  padding-right: 1rem; }

.bx--aspect-ratio {
  position: relative; }

.bx--aspect-ratio::before {
  width: 1px;
  height: 0;
  margin-left: -1px;
  content: '';
  float: left; }

.bx--aspect-ratio::after {
  display: table;
  clear: both;
  content: ''; }

.bx--aspect-ratio--16x9::before {
  padding-top: 56.25%; }

.bx--aspect-ratio--9x16::before {
  padding-top: 177.77778%; }

.bx--aspect-ratio--2x1::before {
  padding-top: 50%; }

.bx--aspect-ratio--1x2::before {
  padding-top: 200%; }

.bx--aspect-ratio--4x3::before {
  padding-top: 75%; }

.bx--aspect-ratio--3x4::before {
  padding-top: 133.33333%; }

.bx--aspect-ratio--3x2::before {
  padding-top: 66.66667%; }

.bx--aspect-ratio--2x3::before {
  padding-top: 150%; }

.bx--aspect-ratio--1x1::before {
  padding-top: 100%; }

.bx--aspect-ratio--object {
  position: absolute;
  top: 0;
  left: 0;
  width: 100%;
  height: 100%; }
"
`;
