// Jest Snapshot v1, https://goo.gl/fbAQLP

exports[`fontWeight should be printable 1`] = `"font-weight: 400;"`;

exports[`fontWeight should export the supported font weights 1`] = `
{
  "light": 300,
  "regular": 400,
  "semibold": 600,
}
`;
