// Jest Snapshot v1, https://goo.gl/fbAQLP

exports[`ListBoxMenu should render 1`] = `
<ListBoxMenu
  id="test-listbox"
>
  <div
    className="bx--list-box__menu"
    id="test-listbox"
    role="listbox"
  >
    <ForwardRef(ListBoxMenuItem)
      isActive={false}
      isHighlighted={false}
    >
      <div
        className="bx--list-box__menu-item"
      >
        <div
          className="bx--list-box__menu-item__option"
        >
          Hello
        </div>
      </div>
    </ForwardRef(ListBoxMenuItem)>
  </div>
</ListBoxMenu>
`;
