// Jest Snapshot v1, https://goo.gl/fbAQLP

exports[`@carbon/styles/scss/fonts should emit default fonts, weights, and styles 1`] = `
Map {
  "IBM Plex Mono" => Object {
    "src": Set {
      "url(\\"~@ibm/plex/IBM-Plex-Mono/fonts/split/woff2/IBMPlexMono-Light-Cyrillic.woff2\\") format(\\"woff2\\")",
      "url(\\"~@ibm/plex/IBM-Plex-Mono/fonts/split/woff2/IBMPlexMono-Light-Pi.woff2\\") format(\\"woff2\\")",
      "url(\\"~@ibm/plex/IBM-Plex-Mono/fonts/split/woff2/IBMPlexMono-Light-Latin3.woff2\\") format(\\"woff2\\")",
      "url(\\"~@ibm/plex/IBM-Plex-Mono/fonts/split/woff2/IBMPlexMono-Light-Latin2.woff2\\") format(\\"woff2\\")",
      "url(\\"~@ibm/plex/IBM-Plex-Mono/fonts/split/woff2/IBMPlexMono-Light-Latin1.woff2\\") format(\\"woff2\\")",
      "url(\\"~@ibm/plex/IBM-Plex-Mono/fonts/split/woff2/IBMPlexMono-LightItalic-Cyrillic.woff2\\") format(\\"woff2\\")",
      "url(\\"~@ibm/plex/IBM-Plex-Mono/fonts/split/woff2/IBMPlexMono-LightItalic-Pi.woff2\\") format(\\"woff2\\")",
      "url(\\"~@ibm/plex/IBM-Plex-Mono/fonts/split/woff2/IBMPlexMono-LightItalic-Latin3.woff2\\") format(\\"woff2\\")",
      "url(\\"~@ibm/plex/IBM-Plex-Mono/fonts/split/woff2/IBMPlexMono-LightItalic-Latin2.woff2\\") format(\\"woff2\\")",
      "url(\\"~@ibm/plex/IBM-Plex-Mono/fonts/split/woff2/IBMPlexMono-LightItalic-Latin1.woff2\\") format(\\"woff2\\")",
      "url(\\"~@ibm/plex/IBM-Plex-Mono/fonts/split/woff2/IBMPlexMono-Regular-Cyrillic.woff2\\") format(\\"woff2\\")",
      "url(\\"~@ibm/plex/IBM-Plex-Mono/fonts/split/woff2/IBMPlexMono-Regular-Pi.woff2\\") format(\\"woff2\\")",
      "url(\\"~@ibm/plex/IBM-Plex-Mono/fonts/split/woff2/IBMPlexMono-Regular-Latin3.woff2\\") format(\\"woff2\\")",
      "url(\\"~@ibm/plex/IBM-Plex-Mono/fonts/split/woff2/IBMPlexMono-Regular-Latin2.woff2\\") format(\\"woff2\\")",
      "url(\\"~@ibm/plex/IBM-Plex-Mono/fonts/split/woff2/IBMPlexMono-Regular-Latin1.woff2\\") format(\\"woff2\\")",
      "url(\\"~@ibm/plex/IBM-Plex-Mono/fonts/split/woff2/IBMPlexMono-Italic-Cyrillic.woff2\\") format(\\"woff2\\")",
      "url(\\"~@ibm/plex/IBM-Plex-Mono/fonts/split/woff2/IBMPlexMono-Italic-Pi.woff2\\") format(\\"woff2\\")",
      "url(\\"~@ibm/plex/IBM-Plex-Mono/fonts/split/woff2/IBMPlexMono-Italic-Latin3.woff2\\") format(\\"woff2\\")",
      "url(\\"~@ibm/plex/IBM-Plex-Mono/fonts/split/woff2/IBMPlexMono-Italic-Latin2.woff2\\") format(\\"woff2\\")",
      "url(\\"~@ibm/plex/IBM-Plex-Mono/fonts/split/woff2/IBMPlexMono-Italic-Latin1.woff2\\") format(\\"woff2\\")",
      "url(\\"~@ibm/plex/IBM-Plex-Mono/fonts/split/woff2/IBMPlexMono-SemiBold-Cyrillic.woff2\\") format(\\"woff2\\")",
      "url(\\"~@ibm/plex/IBM-Plex-Mono/fonts/split/woff2/IBMPlexMono-SemiBold-Pi.woff2\\") format(\\"woff2\\")",
      "url(\\"~@ibm/plex/IBM-Plex-Mono/fonts/split/woff2/IBMPlexMono-SemiBold-Latin3.woff2\\") format(\\"woff2\\")",
      "url(\\"~@ibm/plex/IBM-Plex-Mono/fonts/split/woff2/IBMPlexMono-SemiBold-Latin2.woff2\\") format(\\"woff2\\")",
      "url(\\"~@ibm/plex/IBM-Plex-Mono/fonts/split/woff2/IBMPlexMono-SemiBold-Latin1.woff2\\") format(\\"woff2\\")",
      "url(\\"~@ibm/plex/IBM-Plex-Mono/fonts/split/woff2/IBMPlexMono-SemiBoldItalic-Cyrillic.woff2\\") format(\\"woff2\\")",
      "url(\\"~@ibm/plex/IBM-Plex-Mono/fonts/split/woff2/IBMPlexMono-SemiBoldItalic-Pi.woff2\\") format(\\"woff2\\")",
      "url(\\"~@ibm/plex/IBM-Plex-Mono/fonts/split/woff2/IBMPlexMono-SemiBoldItalic-Latin3.woff2\\") format(\\"woff2\\")",
      "url(\\"~@ibm/plex/IBM-Plex-Mono/fonts/split/woff2/IBMPlexMono-SemiBoldItalic-Latin2.woff2\\") format(\\"woff2\\")",
      "url(\\"~@ibm/plex/IBM-Plex-Mono/fonts/split/woff2/IBMPlexMono-SemiBoldItalic-Latin1.woff2\\") format(\\"woff2\\")",
    },
    "styles": Set {
      "normal",
      "italic",
    },
    "weights": Set {
      "300",
      "400",
      "600",
    },
  },
  "IBM Plex Sans" => Object {
    "src": Set {
      "url(\\"~@ibm/plex/IBM-Plex-Sans/fonts/split/woff2/IBMPlexSans-Light-Cyrillic.woff2\\") format(\\"woff2\\")",
      "url(\\"~@ibm/plex/IBM-Plex-Sans/fonts/split/woff2/IBMPlexSans-Light-Pi.woff2\\") format(\\"woff2\\")",
      "url(\\"~@ibm/plex/IBM-Plex-Sans/fonts/split/woff2/IBMPlexSans-Light-Latin3.woff2\\") format(\\"woff2\\")",
      "url(\\"~@ibm/plex/IBM-Plex-Sans/fonts/split/woff2/IBMPlexSans-Light-Latin2.woff2\\") format(\\"woff2\\")",
      "url(\\"~@ibm/plex/IBM-Plex-Sans/fonts/split/woff2/IBMPlexSans-Light-Latin1.woff2\\") format(\\"woff2\\")",
      "url(\\"~@ibm/plex/IBM-Plex-Sans/fonts/split/woff2/IBMPlexSans-LightItalic-Cyrillic.woff2\\") format(\\"woff2\\")",
      "url(\\"~@ibm/plex/IBM-Plex-Sans/fonts/split/woff2/IBMPlexSans-LightItalic-Pi.woff2\\") format(\\"woff2\\")",
      "url(\\"~@ibm/plex/IBM-Plex-Sans/fonts/split/woff2/IBMPlexSans-LightItalic-Latin3.woff2\\") format(\\"woff2\\")",
      "url(\\"~@ibm/plex/IBM-Plex-Sans/fonts/split/woff2/IBMPlexSans-LightItalic-Latin2.woff2\\") format(\\"woff2\\")",
      "url(\\"~@ibm/plex/IBM-Plex-Sans/fonts/split/woff2/IBMPlexSans-LightItalic-Latin1.woff2\\") format(\\"woff2\\")",
      "url(\\"~@ibm/plex/IBM-Plex-Sans/fonts/split/woff2/IBMPlexSans-Regular-Cyrillic.woff2\\") format(\\"woff2\\")",
      "url(\\"~@ibm/plex/IBM-Plex-Sans/fonts/split/woff2/IBMPlexSans-Regular-Pi.woff2\\") format(\\"woff2\\")",
      "url(\\"~@ibm/plex/IBM-Plex-Sans/fonts/split/woff2/IBMPlexSans-Regular-Latin3.woff2\\") format(\\"woff2\\")",
      "url(\\"~@ibm/plex/IBM-Plex-Sans/fonts/split/woff2/IBMPlexSans-Regular-Latin2.woff2\\") format(\\"woff2\\")",
      "url(\\"~@ibm/plex/IBM-Plex-Sans/fonts/split/woff2/IBMPlexSans-Regular-Latin1.woff2\\") format(\\"woff2\\")",
      "url(\\"~@ibm/plex/IBM-Plex-Sans/fonts/split/woff2/IBMPlexSans-Italic-Cyrillic.woff2\\") format(\\"woff2\\")",
      "url(\\"~@ibm/plex/IBM-Plex-Sans/fonts/split/woff2/IBMPlexSans-Italic-Pi.woff2\\") format(\\"woff2\\")",
      "url(\\"~@ibm/plex/IBM-Plex-Sans/fonts/split/woff2/IBMPlexSans-Italic-Latin3.woff2\\") format(\\"woff2\\")",
      "url(\\"~@ibm/plex/IBM-Plex-Sans/fonts/split/woff2/IBMPlexSans-Italic-Latin2.woff2\\") format(\\"woff2\\")",
      "url(\\"~@ibm/plex/IBM-Plex-Sans/fonts/split/woff2/IBMPlexSans-Italic-Latin1.woff2\\") format(\\"woff2\\")",
      "url(\\"~@ibm/plex/IBM-Plex-Sans/fonts/split/woff2/IBMPlexSans-SemiBold-Cyrillic.woff2\\") format(\\"woff2\\")",
      "url(\\"~@ibm/plex/IBM-Plex-Sans/fonts/split/woff2/IBMPlexSans-SemiBold-Pi.woff2\\") format(\\"woff2\\")",
      "url(\\"~@ibm/plex/IBM-Plex-Sans/fonts/split/woff2/IBMPlexSans-SemiBold-Latin3.woff2\\") format(\\"woff2\\")",
      "url(\\"~@ibm/plex/IBM-Plex-Sans/fonts/split/woff2/IBMPlexSans-SemiBold-Latin2.woff2\\") format(\\"woff2\\")",
      "url(\\"~@ibm/plex/IBM-Plex-Sans/fonts/split/woff2/IBMPlexSans-SemiBold-Latin1.woff2\\") format(\\"woff2\\")",
      "url(\\"~@ibm/plex/IBM-Plex-Sans/fonts/split/woff2/IBMPlexSans-SemiBoldItalic-Cyrillic.woff2\\") format(\\"woff2\\")",
      "url(\\"~@ibm/plex/IBM-Plex-Sans/fonts/split/woff2/IBMPlexSans-SemiBoldItalic-Pi.woff2\\") format(\\"woff2\\")",
      "url(\\"~@ibm/plex/IBM-Plex-Sans/fonts/split/woff2/IBMPlexSans-SemiBoldItalic-Latin3.woff2\\") format(\\"woff2\\")",
      "url(\\"~@ibm/plex/IBM-Plex-Sans/fonts/split/woff2/IBMPlexSans-SemiBoldItalic-Latin2.woff2\\") format(\\"woff2\\")",
      "url(\\"~@ibm/plex/IBM-Plex-Sans/fonts/split/woff2/IBMPlexSans-SemiBoldItalic-Latin1.woff2\\") format(\\"woff2\\")",
    },
    "styles": Set {
      "normal",
      "italic",
    },
    "weights": Set {
      "300",
      "400",
      "600",
    },
  },
  "IBM Plex Serif" => Object {
    "src": Set {
      "url(\\"~@ibm/plex/IBM-Plex-Serif/fonts/split/woff2/IBMPlexSerif-Light-Cyrillic.woff2\\") format(\\"woff2\\")",
      "url(\\"~@ibm/plex/IBM-Plex-Serif/fonts/split/woff2/IBMPlexSerif-Light-Pi.woff2\\") format(\\"woff2\\")",
      "url(\\"~@ibm/plex/IBM-Plex-Serif/fonts/split/woff2/IBMPlexSerif-Light-Latin3.woff2\\") format(\\"woff2\\")",
      "url(\\"~@ibm/plex/IBM-Plex-Serif/fonts/split/woff2/IBMPlexSerif-Light-Latin2.woff2\\") format(\\"woff2\\")",
      "url(\\"~@ibm/plex/IBM-Plex-Serif/fonts/split/woff2/IBMPlexSerif-Light-Latin1.woff2\\") format(\\"woff2\\")",
      "url(\\"~@ibm/plex/IBM-Plex-Serif/fonts/split/woff2/IBMPlexSerif-LightItalic-Cyrillic.woff2\\") format(\\"woff2\\")",
      "url(\\"~@ibm/plex/IBM-Plex-Serif/fonts/split/woff2/IBMPlexSerif-LightItalic-Pi.woff2\\") format(\\"woff2\\")",
      "url(\\"~@ibm/plex/IBM-Plex-Serif/fonts/split/woff2/IBMPlexSerif-LightItalic-Latin3.woff2\\") format(\\"woff2\\")",
      "url(\\"~@ibm/plex/IBM-Plex-Serif/fonts/split/woff2/IBMPlexSerif-LightItalic-Latin2.woff2\\") format(\\"woff2\\")",
      "url(\\"~@ibm/plex/IBM-Plex-Serif/fonts/split/woff2/IBMPlexSerif-LightItalic-Latin1.woff2\\") format(\\"woff2\\")",
      "url(\\"~@ibm/plex/IBM-Plex-Serif/fonts/split/woff2/IBMPlexSerif-Regular-Cyrillic.woff2\\") format(\\"woff2\\")",
      "url(\\"~@ibm/plex/IBM-Plex-Serif/fonts/split/woff2/IBMPlexSerif-Regular-Pi.woff2\\") format(\\"woff2\\")",
      "url(\\"~@ibm/plex/IBM-Plex-Serif/fonts/split/woff2/IBMPlexSerif-Regular-Latin3.woff2\\") format(\\"woff2\\")",
      "url(\\"~@ibm/plex/IBM-Plex-Serif/fonts/split/woff2/IBMPlexSerif-Regular-Latin2.woff2\\") format(\\"woff2\\")",
      "url(\\"~@ibm/plex/IBM-Plex-Serif/fonts/split/woff2/IBMPlexSerif-Regular-Latin1.woff2\\") format(\\"woff2\\")",
      "url(\\"~@ibm/plex/IBM-Plex-Serif/fonts/split/woff2/IBMPlexSerif-Italic-Cyrillic.woff2\\") format(\\"woff2\\")",
      "url(\\"~@ibm/plex/IBM-Plex-Serif/fonts/split/woff2/IBMPlexSerif-Italic-Pi.woff2\\") format(\\"woff2\\")",
      "url(\\"~@ibm/plex/IBM-Plex-Serif/fonts/split/woff2/IBMPlexSerif-Italic-Latin3.woff2\\") format(\\"woff2\\")",
      "url(\\"~@ibm/plex/IBM-Plex-Serif/fonts/split/woff2/IBMPlexSerif-Italic-Latin2.woff2\\") format(\\"woff2\\")",
      "url(\\"~@ibm/plex/IBM-Plex-Serif/fonts/split/woff2/IBMPlexSerif-Italic-Latin1.woff2\\") format(\\"woff2\\")",
      "url(\\"~@ibm/plex/IBM-Plex-Serif/fonts/split/woff2/IBMPlexSerif-SemiBold-Cyrillic.woff2\\") format(\\"woff2\\")",
      "url(\\"~@ibm/plex/IBM-Plex-Serif/fonts/split/woff2/IBMPlexSerif-SemiBold-Pi.woff2\\") format(\\"woff2\\")",
      "url(\\"~@ibm/plex/IBM-Plex-Serif/fonts/split/woff2/IBMPlexSerif-SemiBold-Latin3.woff2\\") format(\\"woff2\\")",
      "url(\\"~@ibm/plex/IBM-Plex-Serif/fonts/split/woff2/IBMPlexSerif-SemiBold-Latin2.woff2\\") format(\\"woff2\\")",
      "url(\\"~@ibm/plex/IBM-Plex-Serif/fonts/split/woff2/IBMPlexSerif-SemiBold-Latin1.woff2\\") format(\\"woff2\\")",
      "url(\\"~@ibm/plex/IBM-Plex-Serif/fonts/split/woff2/IBMPlexSerif-SemiBoldItalic-Cyrillic.woff2\\") format(\\"woff2\\")",
      "url(\\"~@ibm/plex/IBM-Plex-Serif/fonts/split/woff2/IBMPlexSerif-SemiBoldItalic-Pi.woff2\\") format(\\"woff2\\")",
      "url(\\"~@ibm/plex/IBM-Plex-Serif/fonts/split/woff2/IBMPlexSerif-SemiBoldItalic-Latin3.woff2\\") format(\\"woff2\\")",
      "url(\\"~@ibm/plex/IBM-Plex-Serif/fonts/split/woff2/IBMPlexSerif-SemiBoldItalic-Latin2.woff2\\") format(\\"woff2\\")",
      "url(\\"~@ibm/plex/IBM-Plex-Serif/fonts/split/woff2/IBMPlexSerif-SemiBoldItalic-Latin1.woff2\\") format(\\"woff2\\")",
    },
    "styles": Set {
      "normal",
      "italic",
    },
    "weights": Set {
      "300",
      "400",
      "600",
    },
  },
}
`;

exports[`@carbon/styles/scss/fonts should emit src from akamai cdn if $use-akamai-cdn is true 1`] = `
Map {
  "IBM Plex Mono" => Object {
    "src": Set {
      "url(\\"https://1.www.s81c.com/common/carbon/plex/fonts/IBM-Plex-Mono/fonts/split/woff2/IBMPlexMono-Light-Cyrillic.woff2\\") format(\\"woff2\\")",
      "url(\\"https://1.www.s81c.com/common/carbon/plex/fonts/IBM-Plex-Mono/fonts/split/woff2/IBMPlexMono-Light-Pi.woff2\\") format(\\"woff2\\")",
      "url(\\"https://1.www.s81c.com/common/carbon/plex/fonts/IBM-Plex-Mono/fonts/split/woff2/IBMPlexMono-Light-Latin3.woff2\\") format(\\"woff2\\")",
      "url(\\"https://1.www.s81c.com/common/carbon/plex/fonts/IBM-Plex-Mono/fonts/split/woff2/IBMPlexMono-Light-Latin2.woff2\\") format(\\"woff2\\")",
      "url(\\"https://1.www.s81c.com/common/carbon/plex/fonts/IBM-Plex-Mono/fonts/split/woff2/IBMPlexMono-Light-Latin1.woff2\\") format(\\"woff2\\")",
      "url(\\"https://1.www.s81c.com/common/carbon/plex/fonts/IBM-Plex-Mono/fonts/split/woff2/IBMPlexMono-LightItalic-Cyrillic.woff2\\") format(\\"woff2\\")",
      "url(\\"https://1.www.s81c.com/common/carbon/plex/fonts/IBM-Plex-Mono/fonts/split/woff2/IBMPlexMono-LightItalic-Pi.woff2\\") format(\\"woff2\\")",
      "url(\\"https://1.www.s81c.com/common/carbon/plex/fonts/IBM-Plex-Mono/fonts/split/woff2/IBMPlexMono-LightItalic-Latin3.woff2\\") format(\\"woff2\\")",
      "url(\\"https://1.www.s81c.com/common/carbon/plex/fonts/IBM-Plex-Mono/fonts/split/woff2/IBMPlexMono-LightItalic-Latin2.woff2\\") format(\\"woff2\\")",
      "url(\\"https://1.www.s81c.com/common/carbon/plex/fonts/IBM-Plex-Mono/fonts/split/woff2/IBMPlexMono-LightItalic-Latin1.woff2\\") format(\\"woff2\\")",
      "url(\\"https://1.www.s81c.com/common/carbon/plex/fonts/IBM-Plex-Mono/fonts/split/woff2/IBMPlexMono-Regular-Cyrillic.woff2\\") format(\\"woff2\\")",
      "url(\\"https://1.www.s81c.com/common/carbon/plex/fonts/IBM-Plex-Mono/fonts/split/woff2/IBMPlexMono-Regular-Pi.woff2\\") format(\\"woff2\\")",
      "url(\\"https://1.www.s81c.com/common/carbon/plex/fonts/IBM-Plex-Mono/fonts/split/woff2/IBMPlexMono-Regular-Latin3.woff2\\") format(\\"woff2\\")",
      "url(\\"https://1.www.s81c.com/common/carbon/plex/fonts/IBM-Plex-Mono/fonts/split/woff2/IBMPlexMono-Regular-Latin2.woff2\\") format(\\"woff2\\")",
      "url(\\"https://1.www.s81c.com/common/carbon/plex/fonts/IBM-Plex-Mono/fonts/split/woff2/IBMPlexMono-Regular-Latin1.woff2\\") format(\\"woff2\\")",
      "url(\\"https://1.www.s81c.com/common/carbon/plex/fonts/IBM-Plex-Mono/fonts/split/woff2/IBMPlexMono-Italic-Cyrillic.woff2\\") format(\\"woff2\\")",
      "url(\\"https://1.www.s81c.com/common/carbon/plex/fonts/IBM-Plex-Mono/fonts/split/woff2/IBMPlexMono-Italic-Pi.woff2\\") format(\\"woff2\\")",
      "url(\\"https://1.www.s81c.com/common/carbon/plex/fonts/IBM-Plex-Mono/fonts/split/woff2/IBMPlexMono-Italic-Latin3.woff2\\") format(\\"woff2\\")",
      "url(\\"https://1.www.s81c.com/common/carbon/plex/fonts/IBM-Plex-Mono/fonts/split/woff2/IBMPlexMono-Italic-Latin2.woff2\\") format(\\"woff2\\")",
      "url(\\"https://1.www.s81c.com/common/carbon/plex/fonts/IBM-Plex-Mono/fonts/split/woff2/IBMPlexMono-Italic-Latin1.woff2\\") format(\\"woff2\\")",
      "url(\\"https://1.www.s81c.com/common/carbon/plex/fonts/IBM-Plex-Mono/fonts/split/woff2/IBMPlexMono-SemiBold-Cyrillic.woff2\\") format(\\"woff2\\")",
      "url(\\"https://1.www.s81c.com/common/carbon/plex/fonts/IBM-Plex-Mono/fonts/split/woff2/IBMPlexMono-SemiBold-Pi.woff2\\") format(\\"woff2\\")",
      "url(\\"https://1.www.s81c.com/common/carbon/plex/fonts/IBM-Plex-Mono/fonts/split/woff2/IBMPlexMono-SemiBold-Latin3.woff2\\") format(\\"woff2\\")",
      "url(\\"https://1.www.s81c.com/common/carbon/plex/fonts/IBM-Plex-Mono/fonts/split/woff2/IBMPlexMono-SemiBold-Latin2.woff2\\") format(\\"woff2\\")",
      "url(\\"https://1.www.s81c.com/common/carbon/plex/fonts/IBM-Plex-Mono/fonts/split/woff2/IBMPlexMono-SemiBold-Latin1.woff2\\") format(\\"woff2\\")",
      "url(\\"https://1.www.s81c.com/common/carbon/plex/fonts/IBM-Plex-Mono/fonts/split/woff2/IBMPlexMono-SemiBoldItalic-Cyrillic.woff2\\") format(\\"woff2\\")",
      "url(\\"https://1.www.s81c.com/common/carbon/plex/fonts/IBM-Plex-Mono/fonts/split/woff2/IBMPlexMono-SemiBoldItalic-Pi.woff2\\") format(\\"woff2\\")",
      "url(\\"https://1.www.s81c.com/common/carbon/plex/fonts/IBM-Plex-Mono/fonts/split/woff2/IBMPlexMono-SemiBoldItalic-Latin3.woff2\\") format(\\"woff2\\")",
      "url(\\"https://1.www.s81c.com/common/carbon/plex/fonts/IBM-Plex-Mono/fonts/split/woff2/IBMPlexMono-SemiBoldItalic-Latin2.woff2\\") format(\\"woff2\\")",
      "url(\\"https://1.www.s81c.com/common/carbon/plex/fonts/IBM-Plex-Mono/fonts/split/woff2/IBMPlexMono-SemiBoldItalic-Latin1.woff2\\") format(\\"woff2\\")",
    },
    "styles": Set {
      "normal",
      "italic",
    },
    "weights": Set {
      "300",
      "400",
      "600",
    },
  },
  "IBM Plex Sans" => Object {
    "src": Set {
      "url(\\"https://1.www.s81c.com/common/carbon/plex/fonts/IBM-Plex-Sans/fonts/split/woff2/IBMPlexSans-Light-Cyrillic.woff2\\") format(\\"woff2\\")",
      "url(\\"https://1.www.s81c.com/common/carbon/plex/fonts/IBM-Plex-Sans/fonts/split/woff2/IBMPlexSans-Light-Pi.woff2\\") format(\\"woff2\\")",
      "url(\\"https://1.www.s81c.com/common/carbon/plex/fonts/IBM-Plex-Sans/fonts/split/woff2/IBMPlexSans-Light-Latin3.woff2\\") format(\\"woff2\\")",
      "url(\\"https://1.www.s81c.com/common/carbon/plex/fonts/IBM-Plex-Sans/fonts/split/woff2/IBMPlexSans-Light-Latin2.woff2\\") format(\\"woff2\\")",
      "url(\\"https://1.www.s81c.com/common/carbon/plex/fonts/IBM-Plex-Sans/fonts/split/woff2/IBMPlexSans-Light-Latin1.woff2\\") format(\\"woff2\\")",
      "url(\\"https://1.www.s81c.com/common/carbon/plex/fonts/IBM-Plex-Sans/fonts/split/woff2/IBMPlexSans-LightItalic-Cyrillic.woff2\\") format(\\"woff2\\")",
      "url(\\"https://1.www.s81c.com/common/carbon/plex/fonts/IBM-Plex-Sans/fonts/split/woff2/IBMPlexSans-LightItalic-Pi.woff2\\") format(\\"woff2\\")",
      "url(\\"https://1.www.s81c.com/common/carbon/plex/fonts/IBM-Plex-Sans/fonts/split/woff2/IBMPlexSans-LightItalic-Latin3.woff2\\") format(\\"woff2\\")",
      "url(\\"https://1.www.s81c.com/common/carbon/plex/fonts/IBM-Plex-Sans/fonts/split/woff2/IBMPlexSans-LightItalic-Latin2.woff2\\") format(\\"woff2\\")",
      "url(\\"https://1.www.s81c.com/common/carbon/plex/fonts/IBM-Plex-Sans/fonts/split/woff2/IBMPlexSans-LightItalic-Latin1.woff2\\") format(\\"woff2\\")",
      "url(\\"https://1.www.s81c.com/common/carbon/plex/fonts/IBM-Plex-Sans/fonts/split/woff2/IBMPlexSans-Regular-Cyrillic.woff2\\") format(\\"woff2\\")",
      "url(\\"https://1.www.s81c.com/common/carbon/plex/fonts/IBM-Plex-Sans/fonts/split/woff2/IBMPlexSans-Regular-Pi.woff2\\") format(\\"woff2\\")",
      "url(\\"https://1.www.s81c.com/common/carbon/plex/fonts/IBM-Plex-Sans/fonts/split/woff2/IBMPlexSans-Regular-Latin3.woff2\\") format(\\"woff2\\")",
      "url(\\"https://1.www.s81c.com/common/carbon/plex/fonts/IBM-Plex-Sans/fonts/split/woff2/IBMPlexSans-Regular-Latin2.woff2\\") format(\\"woff2\\")",
      "url(\\"https://1.www.s81c.com/common/carbon/plex/fonts/IBM-Plex-Sans/fonts/split/woff2/IBMPlexSans-Regular-Latin1.woff2\\") format(\\"woff2\\")",
      "url(\\"https://1.www.s81c.com/common/carbon/plex/fonts/IBM-Plex-Sans/fonts/split/woff2/IBMPlexSans-Italic-Cyrillic.woff2\\") format(\\"woff2\\")",
      "url(\\"https://1.www.s81c.com/common/carbon/plex/fonts/IBM-Plex-Sans/fonts/split/woff2/IBMPlexSans-Italic-Pi.woff2\\") format(\\"woff2\\")",
      "url(\\"https://1.www.s81c.com/common/carbon/plex/fonts/IBM-Plex-Sans/fonts/split/woff2/IBMPlexSans-Italic-Latin3.woff2\\") format(\\"woff2\\")",
      "url(\\"https://1.www.s81c.com/common/carbon/plex/fonts/IBM-Plex-Sans/fonts/split/woff2/IBMPlexSans-Italic-Latin2.woff2\\") format(\\"woff2\\")",
      "url(\\"https://1.www.s81c.com/common/carbon/plex/fonts/IBM-Plex-Sans/fonts/split/woff2/IBMPlexSans-Italic-Latin1.woff2\\") format(\\"woff2\\")",
      "url(\\"https://1.www.s81c.com/common/carbon/plex/fonts/IBM-Plex-Sans/fonts/split/woff2/IBMPlexSans-SemiBold-Cyrillic.woff2\\") format(\\"woff2\\")",
      "url(\\"https://1.www.s81c.com/common/carbon/plex/fonts/IBM-Plex-Sans/fonts/split/woff2/IBMPlexSans-SemiBold-Pi.woff2\\") format(\\"woff2\\")",
      "url(\\"https://1.www.s81c.com/common/carbon/plex/fonts/IBM-Plex-Sans/fonts/split/woff2/IBMPlexSans-SemiBold-Latin3.woff2\\") format(\\"woff2\\")",
      "url(\\"https://1.www.s81c.com/common/carbon/plex/fonts/IBM-Plex-Sans/fonts/split/woff2/IBMPlexSans-SemiBold-Latin2.woff2\\") format(\\"woff2\\")",
      "url(\\"https://1.www.s81c.com/common/carbon/plex/fonts/IBM-Plex-Sans/fonts/split/woff2/IBMPlexSans-SemiBold-Latin1.woff2\\") format(\\"woff2\\")",
      "url(\\"https://1.www.s81c.com/common/carbon/plex/fonts/IBM-Plex-Sans/fonts/split/woff2/IBMPlexSans-SemiBoldItalic-Cyrillic.woff2\\") format(\\"woff2\\")",
      "url(\\"https://1.www.s81c.com/common/carbon/plex/fonts/IBM-Plex-Sans/fonts/split/woff2/IBMPlexSans-SemiBoldItalic-Pi.woff2\\") format(\\"woff2\\")",
      "url(\\"https://1.www.s81c.com/common/carbon/plex/fonts/IBM-Plex-Sans/fonts/split/woff2/IBMPlexSans-SemiBoldItalic-Latin3.woff2\\") format(\\"woff2\\")",
      "url(\\"https://1.www.s81c.com/common/carbon/plex/fonts/IBM-Plex-Sans/fonts/split/woff2/IBMPlexSans-SemiBoldItalic-Latin2.woff2\\") format(\\"woff2\\")",
      "url(\\"https://1.www.s81c.com/common/carbon/plex/fonts/IBM-Plex-Sans/fonts/split/woff2/IBMPlexSans-SemiBoldItalic-Latin1.woff2\\") format(\\"woff2\\")",
    },
    "styles": Set {
      "normal",
      "italic",
    },
    "weights": Set {
      "300",
      "400",
      "600",
    },
  },
  "IBM Plex Serif" => Object {
    "src": Set {
      "url(\\"https://1.www.s81c.com/common/carbon/plex/fonts/IBM-Plex-Serif/fonts/split/woff2/IBMPlexSerif-Light-Cyrillic.woff2\\") format(\\"woff2\\")",
      "url(\\"https://1.www.s81c.com/common/carbon/plex/fonts/IBM-Plex-Serif/fonts/split/woff2/IBMPlexSerif-Light-Pi.woff2\\") format(\\"woff2\\")",
      "url(\\"https://1.www.s81c.com/common/carbon/plex/fonts/IBM-Plex-Serif/fonts/split/woff2/IBMPlexSerif-Light-Latin3.woff2\\") format(\\"woff2\\")",
      "url(\\"https://1.www.s81c.com/common/carbon/plex/fonts/IBM-Plex-Serif/fonts/split/woff2/IBMPlexSerif-Light-Latin2.woff2\\") format(\\"woff2\\")",
      "url(\\"https://1.www.s81c.com/common/carbon/plex/fonts/IBM-Plex-Serif/fonts/split/woff2/IBMPlexSerif-Light-Latin1.woff2\\") format(\\"woff2\\")",
      "url(\\"https://1.www.s81c.com/common/carbon/plex/fonts/IBM-Plex-Serif/fonts/split/woff2/IBMPlexSerif-LightItalic-Cyrillic.woff2\\") format(\\"woff2\\")",
      "url(\\"https://1.www.s81c.com/common/carbon/plex/fonts/IBM-Plex-Serif/fonts/split/woff2/IBMPlexSerif-LightItalic-Pi.woff2\\") format(\\"woff2\\")",
      "url(\\"https://1.www.s81c.com/common/carbon/plex/fonts/IBM-Plex-Serif/fonts/split/woff2/IBMPlexSerif-LightItalic-Latin3.woff2\\") format(\\"woff2\\")",
      "url(\\"https://1.www.s81c.com/common/carbon/plex/fonts/IBM-Plex-Serif/fonts/split/woff2/IBMPlexSerif-LightItalic-Latin2.woff2\\") format(\\"woff2\\")",
      "url(\\"https://1.www.s81c.com/common/carbon/plex/fonts/IBM-Plex-Serif/fonts/split/woff2/IBMPlexSerif-LightItalic-Latin1.woff2\\") format(\\"woff2\\")",
      "url(\\"https://1.www.s81c.com/common/carbon/plex/fonts/IBM-Plex-Serif/fonts/split/woff2/IBMPlexSerif-Regular-Cyrillic.woff2\\") format(\\"woff2\\")",
      "url(\\"https://1.www.s81c.com/common/carbon/plex/fonts/IBM-Plex-Serif/fonts/split/woff2/IBMPlexSerif-Regular-Pi.woff2\\") format(\\"woff2\\")",
      "url(\\"https://1.www.s81c.com/common/carbon/plex/fonts/IBM-Plex-Serif/fonts/split/woff2/IBMPlexSerif-Regular-Latin3.woff2\\") format(\\"woff2\\")",
      "url(\\"https://1.www.s81c.com/common/carbon/plex/fonts/IBM-Plex-Serif/fonts/split/woff2/IBMPlexSerif-Regular-Latin2.woff2\\") format(\\"woff2\\")",
      "url(\\"https://1.www.s81c.com/common/carbon/plex/fonts/IBM-Plex-Serif/fonts/split/woff2/IBMPlexSerif-Regular-Latin1.woff2\\") format(\\"woff2\\")",
      "url(\\"https://1.www.s81c.com/common/carbon/plex/fonts/IBM-Plex-Serif/fonts/split/woff2/IBMPlexSerif-Italic-Cyrillic.woff2\\") format(\\"woff2\\")",
      "url(\\"https://1.www.s81c.com/common/carbon/plex/fonts/IBM-Plex-Serif/fonts/split/woff2/IBMPlexSerif-Italic-Pi.woff2\\") format(\\"woff2\\")",
      "url(\\"https://1.www.s81c.com/common/carbon/plex/fonts/IBM-Plex-Serif/fonts/split/woff2/IBMPlexSerif-Italic-Latin3.woff2\\") format(\\"woff2\\")",
      "url(\\"https://1.www.s81c.com/common/carbon/plex/fonts/IBM-Plex-Serif/fonts/split/woff2/IBMPlexSerif-Italic-Latin2.woff2\\") format(\\"woff2\\")",
      "url(\\"https://1.www.s81c.com/common/carbon/plex/fonts/IBM-Plex-Serif/fonts/split/woff2/IBMPlexSerif-Italic-Latin1.woff2\\") format(\\"woff2\\")",
      "url(\\"https://1.www.s81c.com/common/carbon/plex/fonts/IBM-Plex-Serif/fonts/split/woff2/IBMPlexSerif-SemiBold-Cyrillic.woff2\\") format(\\"woff2\\")",
      "url(\\"https://1.www.s81c.com/common/carbon/plex/fonts/IBM-Plex-Serif/fonts/split/woff2/IBMPlexSerif-SemiBold-Pi.woff2\\") format(\\"woff2\\")",
      "url(\\"https://1.www.s81c.com/common/carbon/plex/fonts/IBM-Plex-Serif/fonts/split/woff2/IBMPlexSerif-SemiBold-Latin3.woff2\\") format(\\"woff2\\")",
      "url(\\"https://1.www.s81c.com/common/carbon/plex/fonts/IBM-Plex-Serif/fonts/split/woff2/IBMPlexSerif-SemiBold-Latin2.woff2\\") format(\\"woff2\\")",
      "url(\\"https://1.www.s81c.com/common/carbon/plex/fonts/IBM-Plex-Serif/fonts/split/woff2/IBMPlexSerif-SemiBold-Latin1.woff2\\") format(\\"woff2\\")",
      "url(\\"https://1.www.s81c.com/common/carbon/plex/fonts/IBM-Plex-Serif/fonts/split/woff2/IBMPlexSerif-SemiBoldItalic-Cyrillic.woff2\\") format(\\"woff2\\")",
      "url(\\"https://1.www.s81c.com/common/carbon/plex/fonts/IBM-Plex-Serif/fonts/split/woff2/IBMPlexSerif-SemiBoldItalic-Pi.woff2\\") format(\\"woff2\\")",
      "url(\\"https://1.www.s81c.com/common/carbon/plex/fonts/IBM-Plex-Serif/fonts/split/woff2/IBMPlexSerif-SemiBoldItalic-Latin3.woff2\\") format(\\"woff2\\")",
      "url(\\"https://1.www.s81c.com/common/carbon/plex/fonts/IBM-Plex-Serif/fonts/split/woff2/IBMPlexSerif-SemiBoldItalic-Latin2.woff2\\") format(\\"woff2\\")",
      "url(\\"https://1.www.s81c.com/common/carbon/plex/fonts/IBM-Plex-Serif/fonts/split/woff2/IBMPlexSerif-SemiBoldItalic-Latin1.woff2\\") format(\\"woff2\\")",
    },
    "styles": Set {
      "normal",
      "italic",
    },
    "weights": Set {
      "300",
      "400",
      "600",
    },
  },
}
`;
