// Jest Snapshot v1, https://goo.gl/fbAQLP

exports[`Dropdown should render 1`] = `
<Dropdown
  direction="bottom"
  disabled={false}
  helperText=""
  id="test-dropdown"
  itemToElement={null}
  itemToString={[Function]}
  items={
    Array [
      Object {
        "id": "id-0",
        "label": "Item 0",
        "value": 0,
      },
      Object {
        "id": "id-1",
        "label": "Item 1",
        "value": 1,
      },
      Object {
        "id": "id-2",
        "label": "Item 2",
        "value": 2,
      },
      Object {
        "id": "id-3",
        "label": "Item 3",
        "value": 3,
      },
      Object {
        "id": "id-4",
        "label": "Item 4",
        "value": 4,
      },
    ]
  }
  label="input"
  light={false}
  onChange={[MockFunction]}
  placeholder="Filter..."
  titleText=""
  type="default"
>
  <div
    className="bx--dropdown__wrapper bx--list-box__wrapper"
    placeholder="Filter..."
  >
    <ListBox
      className="bx--dropdown"
      disabled={false}
      id="test-dropdown"
      isOpen={false}
      light={false}
      type="default"
    >
      <div
        className="bx--dropdown bx--list-box"
        id="test-dropdown"
        onClick={[Function]}
        onKeyDown={[Function]}
      >
        <button
          aria-disabled={false}
          aria-expanded={false}
          aria-haspopup="listbox"
          aria-labelledby="downshift-0-label downshift-0-toggle-button"
          className="bx--list-box__field"
          disabled={false}
          id="downshift-0-toggle-button"
          onClick={[Function]}
          onKeyDown={[Function]}
          type="button"
        >
          <span
            className="bx--list-box__label"
          >
            input
          </span>
          <ListBoxMenuIcon
            isOpen={false}
            translateWithId={[Function]}
          >
            <div
              className="bx--list-box__menu-icon"
            >
              <ForwardRef(ChevronDown16)
                aria-label="Open menu"
                name="chevron--down"
              >
                <Icon
                  aria-label="Open menu"
                  fill="currentColor"
                  height={16}
                  name="chevron--down"
                  preserveAspectRatio="xMidYMid meet"
                  viewBox="0 0 16 16"
                  width={16}
                  xmlns="http://www.w3.org/2000/svg"
                >
                  <svg
                    aria-label="Open menu"
                    fill="currentColor"
                    focusable="false"
                    height={16}
                    name="chevron--down"
                    preserveAspectRatio="xMidYMid meet"
                    role="img"
                    viewBox="0 0 16 16"
                    width={16}
                    xmlns="http://www.w3.org/2000/svg"
                  >
                    <path
                      d="M8 11L3 6 3.7 5.3 8 9.6 12.3 5.3 13 6z"
                    />
                    <title>
                      Open menu
                    </title>
                  </svg>
                </Icon>
              </ForwardRef(ChevronDown16)>
            </div>
          </ListBoxMenuIcon>
        </button>
        <ListBoxMenu
          aria-labelledby="downshift-0-label"
          id="downshift-0-menu"
          onBlur={[Function]}
          onKeyDown={[Function]}
          onMouseLeave={[Function]}
          role="listbox"
          tabIndex={-1}
        >
          <div
            aria-labelledby="downshift-0-label"
            className="bx--list-box__menu"
            id="downshift-0-menu"
            onBlur={[Function]}
            onKeyDown={[Function]}
            onMouseLeave={[Function]}
            role="listbox"
            tabIndex={-1}
          />
        </ListBoxMenu>
      </div>
    </ListBox>
  </div>
</Dropdown>
`;

exports[`Dropdown should render custom item components 1`] = `
<Dropdown
  direction="bottom"
  disabled={false}
  helperText=""
  id="test-dropdown"
  itemToElement={[Function]}
  itemToString={[Function]}
  items={
    Array [
      Object {
        "id": "id-0",
        "label": "Item 0",
        "value": 0,
      },
      Object {
        "id": "id-1",
        "label": "Item 1",
        "value": 1,
      },
      Object {
        "id": "id-2",
        "label": "Item 2",
        "value": 2,
      },
      Object {
        "id": "id-3",
        "label": "Item 3",
        "value": 3,
      },
      Object {
        "id": "id-4",
        "label": "Item 4",
        "value": 4,
      },
    ]
  }
  label="input"
  light={false}
  onChange={[MockFunction]}
  placeholder="Filter..."
  titleText=""
  type="default"
>
  <div
    className="bx--dropdown__wrapper bx--list-box__wrapper"
    placeholder="Filter..."
  >
    <ListBox
      className="bx--dropdown bx--dropdown--open"
      disabled={false}
      id="test-dropdown"
      isOpen={true}
      light={false}
      type="default"
    >
      <div
        className="bx--dropdown bx--dropdown--open bx--list-box bx--list-box--expanded"
        id="test-dropdown"
        onClick={[Function]}
        onKeyDown={[Function]}
      >
        <button
          aria-disabled={false}
          aria-expanded={true}
          aria-haspopup="listbox"
          aria-labelledby="downshift-6-label downshift-6-toggle-button"
          className="bx--list-box__field"
          disabled={false}
          id="downshift-6-toggle-button"
          onClick={[Function]}
          onKeyDown={[Function]}
          type="button"
        >
          <span
            className="bx--list-box__label"
          >
            input
          </span>
          <ListBoxMenuIcon
            isOpen={true}
            translateWithId={[Function]}
          >
            <div
              className="bx--list-box__menu-icon bx--list-box__menu-icon--open"
            >
              <ForwardRef(ChevronDown16)
                aria-label="Close menu"
                name="chevron--down"
              >
                <Icon
                  aria-label="Close menu"
                  fill="currentColor"
                  height={16}
                  name="chevron--down"
                  preserveAspectRatio="xMidYMid meet"
                  viewBox="0 0 16 16"
                  width={16}
                  xmlns="http://www.w3.org/2000/svg"
                >
                  <svg
                    aria-label="Close menu"
                    fill="currentColor"
                    focusable="false"
                    height={16}
                    name="chevron--down"
                    preserveAspectRatio="xMidYMid meet"
                    role="img"
                    viewBox="0 0 16 16"
                    width={16}
                    xmlns="http://www.w3.org/2000/svg"
                  >
                    <path
                      d="M8 11L3 6 3.7 5.3 8 9.6 12.3 5.3 13 6z"
                    />
                    <title>
                      Close menu
                    </title>
                  </svg>
                </Icon>
              </ForwardRef(ChevronDown16)>
            </div>
          </ListBoxMenuIcon>
        </button>
        <ListBoxMenu
          aria-labelledby="downshift-6-label"
          id="downshift-6-menu"
          onBlur={[Function]}
          onKeyDown={[Function]}
          onMouseLeave={[Function]}
          role="listbox"
          tabIndex={-1}
        >
          <div
            aria-labelledby="downshift-6-label"
            className="bx--list-box__menu"
            id="downshift-6-menu"
            onBlur={[Function]}
            onKeyDown={[Function]}
            onMouseLeave={[Function]}
            role="listbox"
            tabIndex={-1}
          >
            <ForwardRef(ListBoxMenuItem)
              aria-selected="false"
              id="downshift-6-item-0"
              isActive={false}
              isHighlighted={false}
              key="downshift-6-item-0"
              onClick={[Function]}
              onMouseMove={[Function]}
              role="option"
            >
              <div
                aria-selected="false"
                className="bx--list-box__menu-item"
                id="downshift-6-item-0"
                onClick={[Function]}
                onMouseMove={[Function]}
                role="option"
              >
                <div
                  className="bx--list-box__menu-item__option"
                >
                  <itemToElement
                    id="id-0"
                    key="downshift-6-item-0"
                    label="Item 0"
                    value={0}
                  >
                    <div
                      className="mock-item"
                    >
                      Item 0
                    </div>
                  </itemToElement>
                </div>
              </div>
            </ForwardRef(ListBoxMenuItem)>
            <ForwardRef(ListBoxMenuItem)
              aria-selected="false"
              id="downshift-6-item-1"
              isActive={false}
              isHighlighted={false}
              key="downshift-6-item-1"
              onClick={[Function]}
              onMouseMove={[Function]}
              role="option"
            >
              <div
                aria-selected="false"
                className="bx--list-box__menu-item"
                id="downshift-6-item-1"
                onClick={[Function]}
                onMouseMove={[Function]}
                role="option"
              >
                <div
                  className="bx--list-box__menu-item__option"
                >
                  <itemToElement
                    id="id-1"
                    key="downshift-6-item-1"
                    label="Item 1"
                    value={1}
                  >
                    <div
                      className="mock-item"
                    >
                      Item 1
                    </div>
                  </itemToElement>
                </div>
              </div>
            </ForwardRef(ListBoxMenuItem)>
            <ForwardRef(ListBoxMenuItem)
              aria-selected="false"
              id="downshift-6-item-2"
              isActive={false}
              isHighlighted={false}
              key="downshift-6-item-2"
              onClick={[Function]}
              onMouseMove={[Function]}
              role="option"
            >
              <div
                aria-selected="false"
                className="bx--list-box__menu-item"
                id="downshift-6-item-2"
                onClick={[Function]}
                onMouseMove={[Function]}
                role="option"
              >
                <div
                  className="bx--list-box__menu-item__option"
                >
                  <itemToElement
                    id="id-2"
                    key="downshift-6-item-2"
                    label="Item 2"
                    value={2}
                  >
                    <div
                      className="mock-item"
                    >
                      Item 2
                    </div>
                  </itemToElement>
                </div>
              </div>
            </ForwardRef(ListBoxMenuItem)>
            <ForwardRef(ListBoxMenuItem)
              aria-selected="false"
              id="downshift-6-item-3"
              isActive={false}
              isHighlighted={false}
              key="downshift-6-item-3"
              onClick={[Function]}
              onMouseMove={[Function]}
              role="option"
            >
              <div
                aria-selected="false"
                className="bx--list-box__menu-item"
                id="downshift-6-item-3"
                onClick={[Function]}
                onMouseMove={[Function]}
                role="option"
              >
                <div
                  className="bx--list-box__menu-item__option"
                >
                  <itemToElement
                    id="id-3"
                    key="downshift-6-item-3"
                    label="Item 3"
                    value={3}
                  >
                    <div
                      className="mock-item"
                    >
                      Item 3
                    </div>
                  </itemToElement>
                </div>
              </div>
            </ForwardRef(ListBoxMenuItem)>
            <ForwardRef(ListBoxMenuItem)
              aria-selected="false"
              id="downshift-6-item-4"
              isActive={false}
              isHighlighted={false}
              key="downshift-6-item-4"
              onClick={[Function]}
              onMouseMove={[Function]}
              role="option"
            >
              <div
                aria-selected="false"
                className="bx--list-box__menu-item"
                id="downshift-6-item-4"
                onClick={[Function]}
                onMouseMove={[Function]}
                role="option"
              >
                <div
                  className="bx--list-box__menu-item__option"
                >
                  <itemToElement
                    id="id-4"
                    key="downshift-6-item-4"
                    label="Item 4"
                    value={4}
                  >
                    <div
                      className="mock-item"
                    >
                      Item 4
                    </div>
                  </itemToElement>
                </div>
              </div>
            </ForwardRef(ListBoxMenuItem)>
          </div>
        </ListBoxMenu>
      </div>
    </ListBox>
  </div>
</Dropdown>
`;

exports[`Dropdown should render with strings as items 1`] = `
<Dropdown
  direction="bottom"
  disabled={false}
  helperText=""
  id="test-dropdown"
  itemToElement={null}
  itemToString={[Function]}
  items={
    Array [
      "zar",
      "doz",
    ]
  }
  label="input"
  light={false}
  onChange={[MockFunction]}
  placeholder="Filter..."
  titleText=""
  type="default"
>
  <div
    className="bx--dropdown__wrapper bx--list-box__wrapper"
    placeholder="Filter..."
  >
    <ListBox
      className="bx--dropdown bx--dropdown--open"
      disabled={false}
      id="test-dropdown"
      isOpen={true}
      light={false}
      type="default"
    >
      <div
        className="bx--dropdown bx--dropdown--open bx--list-box bx--list-box--expanded"
        id="test-dropdown"
        onClick={[Function]}
        onKeyDown={[Function]}
      >
        <button
          aria-disabled={false}
          aria-expanded={true}
          aria-haspopup="listbox"
          aria-labelledby="downshift-4-label downshift-4-toggle-button"
          className="bx--list-box__field"
          disabled={false}
          id="downshift-4-toggle-button"
          onClick={[Function]}
          onKeyDown={[Function]}
          type="button"
        >
          <span
            className="bx--list-box__label"
          >
            input
          </span>
          <ListBoxMenuIcon
            isOpen={true}
            translateWithId={[Function]}
          >
            <div
              className="bx--list-box__menu-icon bx--list-box__menu-icon--open"
            >
              <ForwardRef(ChevronDown16)
                aria-label="Close menu"
                name="chevron--down"
              >
                <Icon
                  aria-label="Close menu"
                  fill="currentColor"
                  height={16}
                  name="chevron--down"
                  preserveAspectRatio="xMidYMid meet"
                  viewBox="0 0 16 16"
                  width={16}
                  xmlns="http://www.w3.org/2000/svg"
                >
                  <svg
                    aria-label="Close menu"
                    fill="currentColor"
                    focusable="false"
                    height={16}
                    name="chevron--down"
                    preserveAspectRatio="xMidYMid meet"
                    role="img"
                    viewBox="0 0 16 16"
                    width={16}
                    xmlns="http://www.w3.org/2000/svg"
                  >
                    <path
                      d="M8 11L3 6 3.7 5.3 8 9.6 12.3 5.3 13 6z"
                    />
                    <title>
                      Close menu
                    </title>
                  </svg>
                </Icon>
              </ForwardRef(ChevronDown16)>
            </div>
          </ListBoxMenuIcon>
        </button>
        <ListBoxMenu
          aria-labelledby="downshift-4-label"
          id="downshift-4-menu"
          onBlur={[Function]}
          onKeyDown={[Function]}
          onMouseLeave={[Function]}
          role="listbox"
          tabIndex={-1}
        >
          <div
            aria-labelledby="downshift-4-label"
            className="bx--list-box__menu"
            id="downshift-4-menu"
            onBlur={[Function]}
            onKeyDown={[Function]}
            onMouseLeave={[Function]}
            role="listbox"
            tabIndex={-1}
          >
            <ForwardRef(ListBoxMenuItem)
              aria-selected="false"
              id="downshift-4-item-0"
              isActive={false}
              isHighlighted={false}
              key="downshift-4-item-0"
              onClick={[Function]}
              onMouseMove={[Function]}
              role="option"
            >
              <div
                aria-selected="false"
                className="bx--list-box__menu-item"
                id="downshift-4-item-0"
                onClick={[Function]}
                onMouseMove={[Function]}
                role="option"
              >
                <div
                  className="bx--list-box__menu-item__option"
                >
                  zar
                </div>
              </div>
            </ForwardRef(ListBoxMenuItem)>
            <ForwardRef(ListBoxMenuItem)
              aria-selected="false"
              id="downshift-4-item-1"
              isActive={false}
              isHighlighted={false}
              key="downshift-4-item-1"
              onClick={[Function]}
              onMouseMove={[Function]}
              role="option"
            >
              <div
                aria-selected="false"
                className="bx--list-box__menu-item"
                id="downshift-4-item-1"
                onClick={[Function]}
                onMouseMove={[Function]}
                role="option"
              >
                <div
                  className="bx--list-box__menu-item__option"
                >
                  doz
                </div>
              </div>
            </ForwardRef(ListBoxMenuItem)>
          </div>
        </ListBoxMenu>
      </div>
    </ListBox>
  </div>
</Dropdown>
`;
