// Jest Snapshot v1, https://goo.gl/fbAQLP

exports[`DataTable.TableBatchAction should render 1`] = `
<TableBatchAction
  className="custom-class"
  iconDescription="test"
  renderIcon={
    Object {
      "$$typeof": Symbol(react.forward_ref),
      "render": [Function],
    }
  }
>
  <Button
    className="custom-class"
    disabled={false}
    iconDescription="test"
    kind="primary"
    renderIcon={
      Object {
        "$$typeof": Symbol(react.forward_ref),
        "render": [Function],
      }
    }
    size="default"
    tabIndex={0}
    tooltipAlignment="center"
    tooltipPosition="top"
    type="button"
  >
    <button
      aria-pressed={null}
      className="custom-class bx--btn bx--btn--primary"
      disabled={false}
      tabIndex={0}
      type="button"
    >
      <ForwardRef(AddFilled16)
        aria-hidden="true"
        aria-label="test"
        className="bx--btn__icon"
      >
        <Icon
          aria-hidden="true"
          aria-label="test"
          className="bx--btn__icon"
          fill="currentColor"
          height={16}
          preserveAspectRatio="xMidYMid meet"
          viewBox="0 0 32 32"
          width={16}
          xmlns="http://www.w3.org/2000/svg"
        >
          <svg
            aria-hidden="true"
            aria-label="test"
            className="bx--btn__icon"
            fill="currentColor"
            focusable="false"
            height={16}
            preserveAspectRatio="xMidYMid meet"
            role="img"
            viewBox="0 0 32 32"
            width={16}
            xmlns="http://www.w3.org/2000/svg"
          >
            <path
              d="M16,2A14.1725,14.1725,0,0,0,2,16,14.1725,14.1725,0,0,0,16,30,14.1725,14.1725,0,0,0,30,16,14.1725,14.1725,0,0,0,16,2Zm8,15H17v7H15V17H8V15h7V8h2v7h7Z"
            />
            <path
              d="M24 17L17 17 17 24 15 24 15 17 8 17 8 15 15 15 15 8 17 8 17 15 24 15 24 17z"
              data-icon-path="inner-path"
              fill="none"
            />
          </svg>
        </Icon>
      </ForwardRef(AddFilled16)>
    </button>
  </Button>
</TableBatchAction>
`;
