// Jest Snapshot v1, https://goo.gl/fbAQLP

exports[`DataTable.TableActionList should render 1`] = `
<TableActionList
  className="custom-class"
>
  <div
    className="cds--action-list custom-class"
  />
</TableActionList>
`;
