// Jest Snapshot v1, https://goo.gl/fbAQLP

exports[`DataTable.TableExpandRow should render 1`] = `
<Table
  isSortable={false}
  overflowMenuOnHover={true}
>
  <div
    className="bx--data-table-content"
  >
    <table
      className="bx--data-table bx--data-table--no-border"
    >
      <TableBody
        aria-live="polite"
      >
        <tbody
          aria-live="polite"
        >
          <TableExpandRow
            ariaLabel="Aria label"
            className="custom-class"
            expandHeader="expand"
            isExpanded={false}
            onExpand={[MockFunction]}
          >
            <tr
              className="bx--parent-row custom-class"
              data-parent-row={true}
            >
              <TableCell
                className="bx--table-expand"
                headers="expand"
              >
                <td
                  className="bx--table-expand"
                  headers="expand"
                >
                  <button
                    aria-label="Aria label"
                    className="bx--table-expand__button"
                    onClick={[MockFunction]}
                    type="button"
                  >
                    <ForwardRef(ChevronRight16)
                      className="bx--table-expand__svg"
                    >
                      <Icon
                        className="bx--table-expand__svg"
                        fill="currentColor"
                        height={16}
                        preserveAspectRatio="xMidYMid meet"
                        viewBox="0 0 16 16"
                        width={16}
                        xmlns="http://www.w3.org/2000/svg"
                      >
                        <svg
                          aria-hidden={true}
                          className="bx--table-expand__svg"
                          fill="currentColor"
                          focusable="false"
                          height={16}
                          preserveAspectRatio="xMidYMid meet"
                          viewBox="0 0 16 16"
                          width={16}
                          xmlns="http://www.w3.org/2000/svg"
                        >
                          <path
                            d="M11 8L6 13 5.3 12.3 9.6 8 5.3 3.7 6 3z"
                          />
                        </svg>
                      </Icon>
                    </ForwardRef(ChevronRight16)>
                  </button>
                </td>
              </TableCell>
            </tr>
          </TableExpandRow>
          <TableExpandedRow
            colSpan={1}
          >
            <tr
              className="bx--expandable-row"
              data-child-row={true}
              onMouseEnter={[Function]}
              onMouseLeave={[Function]}
            >
              <TableCell
                colSpan={1}
              >
                <td
                  colSpan={1}
                >
                  <div
                    className="bx--child-row-inner-container"
                  />
                </td>
              </TableCell>
            </tr>
          </TableExpandedRow>
        </tbody>
      </TableBody>
    </table>
  </div>
</Table>
`;
