// Jest Snapshot v1, https://goo.gl/fbAQLP

exports[`DataTable.Table should render 1`] = `
<Table
  className="custom-class"
  isSortable={false}
  overflowMenuOnHover={true}
>
  <div
    className="bx--data-table-content"
  >
    <table
      className="bx--data-table custom-class bx--data-table--no-border"
    />
  </div>
</Table>
`;

exports[`DataTable.Table should support enable sticky header 1`] = `
<section
  className="bx--data-table_inner-container"
>
  <div
    className="bx--data-table-content"
  >
    <table
      className="bx--data-table bx--data-table--no-border bx--data-table--sticky-header"
    />
  </div>
</section>
`;
