// Jest Snapshot v1, https://goo.gl/fbAQLP

exports[`DataTable.TableExpandHeader should render 1`] = `
<Table
  isSortable={false}
  overflowMenuOnHover={true}
>
  <div
    className="bx--data-table-content"
  >
    <table
      className="bx--data-table bx--data-table--no-border"
    >
      <TableHead>
        <thead>
          <TableRow>
            <tr>
              <TableExpandHeader
                ariaLabel="test-label"
                className="custom-class"
                isExpanded={false}
                onExpand={[MockFunction]}
              >
                <th
                  className="bx--table-expand custom-class"
                  scope="col"
                />
              </TableExpandHeader>
            </tr>
          </TableRow>
        </thead>
      </TableHead>
    </table>
  </div>
</Table>
`;
