// Jest Snapshot v1, https://goo.gl/fbAQLP

exports[`@carbon/pictograms-react should not update exports without a semver change 1`] = `
Array [
  "AcceleratedComputing",
  "ActiveServer",
  "AddDevice",
  "AddDocument",
  "AdvancedFraudProtection",
  "AdvancedThreats",
  "Advocate",
  "Agriculture",
  "AiEthics",
  "AiExplainability",
  "AiPrivacy",
  "AiRobustness",
  "AiTransparency",
  "AiTrust",
  "AirConditioner",
  "Airplane",
  "Alarm",
  "AlchemyDataNews",
  "AlchemyLanguage",
  "AlchemyVision",
  "Americas",
  "AmsterdamCanal",
  "AmsterdamFarm",
  "AmsterdamWindmill",
  "Analyze",
  "AnalyzesData",
  "AnonymousUsers",
  "Apartment",
  "Api",
  "AppDeveloper",
  "Apple",
  "Application",
  "ApplicationSecurity",
  "Archive",
  "ArgentinaObelisk",
  "ArtTools_01",
  "AsiaAustralia",
  "Assets",
  "Atlanta",
  "AugmentedReality",
  "Austin",
  "AutomateModularManagement",
  "AutomationDecision",
  "Automobile",
  "BabyBottle",
  "Backpack",
  "Badge",
  "Bag",
  "Bangalore",
  "Barcelona",
  "Bee",
  "BeijingMunicipal",
  "BeijingTower",
  "BerlinBrandenburgGate",
  "BerlinCathedral",
  "BerlinTower",
  "Bicycle",
  "BirthdayCake",
  "Blender",
  "Blockchain",
  "Bluepages",
  "BostonZakimBridge",
  "BoxPlot",
  "Broom",
  "Budapest",
  "BugVirusMalware",
  "Build",
  "BuildLeadershipAndCulture",
  "Building",
  "Bulldozer",
  "Bus",
  "BusinessContinuity",
  "CLanguage",
  "CPlusPlusLanguage",
  "Cafe",
  "CairoGizaPlateau",
  "Calendar",
  "CalendarDate",
  "CalendarEvent",
  "Camera",
  "CanadaMapleLeaf",
  "Capitol",
  "Care",
  "CargoCrane",
  "CargoShip",
  "Cell",
  "ChartArea",
  "ChartBar",
  "ChartBubble",
  "ChartBubbleLine",
  "ChartCandlestick",
  "ChartCustom",
  "ChartErrorBar",
  "ChartEvaluation",
  "ChartHighLow",
  "ChartHistogram",
  "ChartLine",
  "ChartMultiLine",
  "ChartMultiType",
  "ChartParallel",
  "ChartPie",
  "ChartRadar",
  "ChartRiver",
  "ChartScatterplot",
  "ChartStepper",
  "ChartSunburst",
  "ChartTSne",
  "Chart_3D",
  "Cheese",
  "Cherries",
  "Chicago",
  "ChileEasterIsland",
  "ChileHandOfTheDesert",
  "ChipCircuit",
  "ChipCredit",
  "ChipDebit",
  "CirclePacking",
  "ClientFinancing_01",
  "ClientFinancing_02",
  "ClothesRack_01",
  "ClothesRack_02",
  "CloudAnalytics",
  "CloudAssets",
  "CloudBuilderProfessionalServices",
  "CloudComputing",
  "CloudDataServices",
  "CloudDownload",
  "CloudEcosystem",
  "CloudGuidelines",
  "CloudManagedServices",
  "CloudOracle",
  "CloudPakFamily",
  "CloudPakForApplications",
  "CloudPakForData",
  "CloudPakForIntegration",
  "CloudPakForMulticloudManagement",
  "CloudPakForNetworkAutomation",
  "CloudPakForSecurity",
  "CloudPakSystem",
  "CloudPartners",
  "CloudPlanning",
  "CloudSap",
  "CloudServices",
  "CloudServicesPricing",
  "CloudStorage",
  "CloudStrategy",
  "CloudTutorials",
  "CloudUpload",
  "CloudVmware",
  "Cloudy",
  "CloudyDewy",
  "CloudyHazy",
  "CloudyHumid",
  "CloudyPartial",
  "CloudyWindy",
  "CoatHanger",
  "CobolLanguage",
  "CodeSyntax",
  "CognosAnalytics",
  "Collaboration",
  "College",
  "ColombiaCathedralOfLasLajas",
  "ColorContrast",
  "CommercialFinancing_01",
  "CommercialFinancing_02",
  "CompostBin",
  "ConceptExpansion",
  "ConceptInsights",
  "ConditionBuilder",
  "Connect",
  "ConnectedEcosystem",
  "ConnectedNodesToTheCloud",
  "Console",
  "ConsoleWireless",
  "Construct",
  "ConsumerEngagementFoodJourney",
  "ContainersAndCloudNative",
  "ContentDesign",
  "ContinuousSecurity",
  "Contract",
  "Conversation",
  "CopenhagenPlanetarium",
  "CopenhagenSnekkja",
  "Coronavirus",
  "CreditCard",
  "Crop",
  "Cupcake",
  "CustomerService",
  "Dashboard",
  "DataApis",
  "DataBackup",
  "DataInsights",
  "DataPrivacy",
  "DataProcessing",
  "DataSecurity",
  "DataSet",
  "DataStorage",
  "Delete",
  "DeliverInsights",
  "DeliveryTruck",
  "DesignAndDevelopment_01",
  "DesignAndDevelopment_02",
  "DesignLeadership",
  "DesignResearch",
  "DesignThinkingTeam",
  "Desktop",
  "DetectAndStopAdvancingThreats",
  "DeveloperZOs",
  "DevicePairing",
  "Devops",
  "Dialogue",
  "Digital",
  "DigitalId",
  "DigitalTrust",
  "Dining",
  "DistributionLedger",
  "Dna",
  "DoNot",
  "DoNot_02",
  "Docker",
  "Doctor",
  "DoctorPatient",
  "DocumentConversion",
  "DocumentSecurity",
  "DoorHandle",
  "Download_01",
  "Download_02",
  "Dropper",
  "DubaiPalmIslands",
  "DubaiSkyscraper",
  "DublinBrewery",
  "DublinCastle",
  "DuplicateFile",
  "Earth",
  "EcuadorQuito",
  "Education",
  "Electric",
  "ElectricCar",
  "ElectricCharge",
  "Elevator",
  "Embed",
  "EmergencyExit",
  "EmployeeInsights",
  "EndpointProtection",
  "Engine",
  "EnterpriseDesignThinking_01",
  "EnterpriseDesignThinking_02",
  "Envelope",
  "ErlenmeyerFlask",
  "EscalatorDown",
  "EscalatorUp",
  "EuropeAfrica",
  "ExpandHorz",
  "ExpandUser",
  "ExpandVert",
  "Export_01",
  "Export_02",
  "Eye",
  "EyewashStation",
  "FaceDissatisfied",
  "FaceNeutral",
  "FaceSatisfied",
  "FaceVeryDissatisfied",
  "FaceVerySatisfied",
  "Factory",
  "Fairness",
  "Farm_01",
  "Farm_02",
  "Farmer_01",
  "Farmer_02",
  "Faucet",
  "Feedback_01",
  "Feedback_02",
  "FileBackup",
  "FileTransfer",
  "FilterVariable",
  "FinanceStrategy",
  "FinancialConsultant",
  "FinancialGain",
  "FinancialNetworks",
  "FinancialNews",
  "FireAlarm",
  "FireExtinguisher",
  "Firewall",
  "FirstAid",
  "FlashStorage",
  "FlashingContent",
  "FlowChart",
  "FlowChartDetail",
  "Flower_01",
  "Flower_02",
  "Fog",
  "Folder",
  "Forklift",
  "Fragile",
  "FreeTrial",
  "Fuel",
  "Gear",
  "GetAheadOfRiskAndCompliance",
  "Gift",
  "GlobalAnalytics",
  "GlobalAssetsAndRecovery_01",
  "GlobalAssetsAndRecovery_02",
  "GlobalBusinessServices",
  "GlobalCurrency",
  "GlobalExchange",
  "GlobalFinanceEuro",
  "GlobalFinanceNetwork",
  "GlobalFinanceSterling",
  "GlobalMarkets",
  "GlobalMarketsBar",
  "GlobalNetwork",
  "GlobalPartner",
  "GlobalSecurity",
  "GlobalStrategy",
  "GlobalTechnologyServices",
  "Globe",
  "GlobeLocations",
  "GoLanguage",
  "Goals",
  "GovernUsersAndIdentities",
  "Group",
  "Growth",
  "Hail",
  "HailHeavy",
  "HailMixed",
  "HamburgPhilharmone",
  "Handicap",
  "HandicapActive",
  "HardDrive",
  "HardDriveNetwork",
  "HardIceCream",
  "Hazy",
  "Headphones",
  "Heart",
  "HeartHealth",
  "HeatMap_01",
  "HeatMap_02",
  "HighFive",
  "HighRiskUsers",
  "Hills",
  "HomeFront",
  "HomeGarage",
  "HomeProfile",
  "HongKong",
  "HongKongCityscape",
  "Hospital",
  "Hpi",
  "Humid",
  "Hurricane",
  "HybridCloud",
  "HybridCloudServices",
  "HybridCloud_02",
  "IbmAutomationPlatform",
  "IbmCloud",
  "IbmIx",
  "IbmZ",
  "IbmZAndLinuxoneMultiFrame",
  "IbmZAndLinuxoneSingleFrame",
  "IbmZPartition",
  "Icon",
  "IdBadge",
  "Idea",
  "Ideate",
  "IdentityTrustAssessment",
  "IndiaSouthAsia",
  "InfrastructureSecurity",
  "Innovate",
  "Insights",
  "InspectData",
  "Integration",
  "Intelligence",
  "Intercom",
  "Invoice",
  "IotMunich",
  "ItInfrastructureSoftware",
  "Java",
  "Javascript",
  "Justice",
  "KeepDry",
  "KeyUsers",
  "Keyboard",
  "KnowsDarkData",
  "KualaLumpur",
  "LanguageTranslation",
  "Language_01",
  "Language_02",
  "Language_03",
  "Language_04",
  "Language_05",
  "Launch",
  "Lightning",
  "ListBullet",
  "ListCheckbox",
  "Location",
  "Lock_01",
  "Lock_02",
  "LockedNetwork_01",
  "LockedNetwork_02",
  "London",
  "LondonBigBen",
  "Love",
  "Luggage",
  "Lungs",
  "MachineLearning_01",
  "MachineLearning_02",
  "MachineLearning_03",
  "MachineLearning_04",
  "MachineLearning_05",
  "MachineLearning_06",
  "MadridCathedral",
  "MadridSkyscrapers",
  "MadridStatue",
  "Magnify",
  "MailVerse",
  "ManagingContractualFlow",
  "ManagingItems",
  "Marketplace",
  "Mas",
  "MasterThreatHunting",
  "MathCurve",
  "Maximize",
  "Medical",
  "MedicalCharts",
  "MedicalStaff",
  "Melbourne",
  "Meter",
  "MexicoCityAngelOfIndependence",
  "MexicoCityMuseoSoumaya",
  "Microorganisms",
  "Microphone",
  "Microscope",
  "MilanDuomoDiMilano",
  "MilanSkyscrapers",
  "Minimize",
  "MobileAdd",
  "MobileChat",
  "MobileDevices",
  "MobilePhone",
  "MonitoredItemOnConveyor",
  "MortarAndPestle",
  "Moscow",
  "MovementInOverlappingNetworks",
  "MovementOfGoods_01",
  "MovementOfGoods_02",
  "MovementOfGoods_03",
  "MovementOfItems",
  "Mqa",
  "Mri",
  "MriPatient",
  "Multitask",
  "Munich",
  "NaturalLanguageClassifier",
  "NaturalLanguageUnderstanding",
  "Network",
  "NetworkProtection",
  "NetworkServices",
  "Networking_01",
  "Networking_02",
  "Networking_03",
  "Networking_04",
  "Networking_05",
  "Networking_06",
  "Nice",
  "NightClear",
  "NoSmoking",
  "NycBrooklyn",
  "NycChryslerBuilding",
  "NycManhattan_01",
  "NycManhattan_02",
  "NycStatueOfLiberty",
  "NycWorldTradeCenter",
  "Office",
  "OilPump",
  "OilRig",
  "Okinawa",
  "OptimizeCashFlow_01",
  "OptimizeCashFlow_02",
  "Organization",
  "Overcast",
  "Overview",
  "PaperClip",
  "ParisArcDeTriomphe",
  "ParisLouvre",
  "ParisNotreDame",
  "ParisPompidouCenter",
  "Parliament",
  "PartnerRelationship",
  "Path",
  "Pattern",
  "Perfume",
  "Person_01",
  "Person_02",
  "Person_03",
  "Person_04",
  "Person_05",
  "Person_06",
  "Person_07",
  "Person_08",
  "Person_09",
  "PersonalityInsights",
  "PeruMachuPicchu",
  "PetriCulture",
  "PhpLanguage",
  "PillBottle_01",
  "Pills",
  "PlanningAnalytics",
  "PlayerFlow",
  "PliLanguage",
  "Podcast",
  "Police",
  "PopulationDiagram",
  "Power",
  "PragueCharlesBridgeTower",
  "PragueDancingHouse_01",
  "PragueDancingHouse_02",
  "Pregnant",
  "Prescription",
  "Presentation",
  "Presenter",
  "Price",
  "Printer",
  "PrivateNetwork_01",
  "PrivateNetwork_02",
  "PrivateNetwork_03",
  "PrivateNetwork_04",
  "Process",
  "ProfessionalMarketplace",
  "Progress",
  "ProtectCriticalAssets",
  "Puzzle",
  "QQPlot",
  "QrCode",
  "Question",
  "QuestionAndAnswer",
  "RLanguage",
  "Racetrack",
  "Rainy",
  "RainyHeavy",
  "RaleighNc",
  "RandomSamples",
  "Rank",
  "Receipt",
  "Recycle",
  "RecycleBin",
  "Refinery",
  "Refresh",
  "RelationshipDiagram",
  "RelationshipExtraction",
  "Renew",
  "RenewTeam",
  "Repeat",
  "Report",
  "Research",
  "Reset",
  "ResetHybridCloud",
  "ResetSettings",
  "RetrieveAndRank",
  "RichTextFormat",
  "RioDeJaneiro",
  "Robot",
  "Robotics",
  "RockOn",
  "Rome",
  "RotateDevice",
  "SaasEnablement",
  "SalesConnect",
  "SampleFile",
  "SanFrancisco",
  "SanFranciscoFog",
  "SaoPaulo",
  "SapHana",
  "Satellite",
  "SatelliteDish",
  "Scale",
  "ScatterMatrix",
  "Seattle",
  "SecureData",
  "SecureHybridCloud",
  "SecureProfile",
  "SecureSearch",
  "Security",
  "SecurityAsAService",
  "SecurityHygiene",
  "SecurityIntelligence",
  "SecurityShield",
  "SelectProduct",
  "SelectRange",
  "ServerOperatingSystems",
  "ServerRack",
  "Servers",
  "Shirt",
  "Shop",
  "ShoppingCart",
  "Shower",
  "Singapore",
  "SingleSignOn",
  "Slack",
  "Slider",
  "Sneaker",
  "Snow",
  "SocialWork_01",
  "SocialWork_02",
  "Socks",
  "SoftIceCream",
  "SoftlayerEnablement",
  "SolarField",
  "SolarPanel",
  "Solve",
  "Spaceship",
  "Speech",
  "SpeechToText",
  "Speedometer",
  "Sports",
  "Sprout",
  "StackLimitation",
  "Stairs",
  "StairsDown",
  "StairsPlanView",
  "StairsUp",
  "StationaryBicycle",
  "Steel",
  "SteeringWheel",
  "StemLeafPlot",
  "Stethoscope",
  "Stockholm",
  "StorageAreaNetworks",
  "StorageProduct",
  "Strategy",
  "StrategyAndRisk",
  "StrategyDirect",
  "StrategyMove",
  "StrategyPlay",
  "Streamline",
  "Summit",
  "Sunny",
  "SunnyHazy",
  "SupplyChainOptimization_01",
  "SupplyChainOptimization_02",
  "SupportServices",
  "SwipeLeft",
  "SwipeRight",
  "SystemsDevopsAnalyze",
  "SystemsDevopsBuild",
  "SystemsDevopsCicdPipeline",
  "SystemsDevopsCode",
  "SystemsDevopsDeploy",
  "SystemsDevopsMonitor",
  "SystemsDevopsPlan",
  "SystemsDevopsProvision",
  "SystemsDevopsRelease",
  "SystemsDevopsTest",
  "TShirt",
  "TabletDevice",
  "TabletDeviceCheck",
  "Tags",
  "TaipeiBubbleTea",
  "TapeStorage",
  "Target",
  "TargetArea",
  "TeamAlignment",
  "Teammates",
  "TelAviv",
  "Telecom",
  "Telemedicine",
  "TelemedicineMobile",
  "Telephone",
  "Television",
  "TemperatureHigh",
  "TemperatureLow",
  "TemporaryBadge",
  "Tennis",
  "TestTubes",
  "TextEquivalent",
  "TextInput",
  "TextLayout",
  "TextToSpeech",
  "ThisSideUp",
  "ThreatManagement",
  "Time",
  "TimeLapse",
  "TimePlot",
  "Toggle",
  "TokyoCherryBlossom",
  "TokyoGates",
  "TokyoTemple",
  "TokyoVolcano",
  "ToneAnalyzer",
  "ToolOverload",
  "Tools",
  "Tornado",
  "Toronto",
  "Touch",
  "TouchGesture",
  "TouchId",
  "TouchScreen",
  "TouchSwipe",
  "Tractor",
  "TradeoffAnalytics",
  "Train",
  "TransactionalBlockchain",
  "TransactionalTrust",
  "Transform_01",
  "Transform_02",
  "Transparency_01",
  "Transparency_02",
  "Trash",
  "Tree",
  "TreeDiagram",
  "TreeMap",
  "Trousers",
  "Trust",
  "TrustedUser",
  "TwoPersonLift",
  "UnauthorizedUserAccess",
  "UnderUtilizedSecurity",
  "UnifyEndpointManagement",
  "University",
  "Unlock_01",
  "Unlock_02",
  "Upload_01",
  "Upload_02",
  "UruguayPalacioSalvo",
  "User",
  "UserAnalytics",
  "UserExperienceDesign",
  "UserInsights",
  "UserInterface",
  "UserProfile",
  "UserSearch",
  "Vancouver",
  "VenezuelaNationalPantheonOfVenezuela",
  "VideoChat",
  "VideoPlay",
  "Video_01",
  "Video_02",
  "Virus",
  "Vision",
  "VisualDesign",
  "VisualInsights",
  "VisualRecognition",
  "Warning_01",
  "Warning_02",
  "Washer",
  "WashingtonDc",
  "WashingtonDcCapitol",
  "WashingtonDcMonument",
  "WatsonLogo",
  "Weather",
  "WebDeveloper",
  "Webcast",
  "WeddingCake",
  "Wheat",
  "Wifi",
  "WindPower",
  "Windows",
  "Windy",
  "Wine",
  "WirelessHome",
  "WirelessModem",
  "WordCloud",
  "Workday",
  "WorldCommunityGrid",
  "WreckingBall",
  "XRay_01",
  "XRay_02",
  "Yoga_01",
  "Yoga_02",
  "Yoga_03",
  "Yoga_04",
]
`;
