// Jest Snapshot v1, https://goo.gl/fbAQLP

exports[`@carbon/icons-react should not update exports without a semver change 1`] = `
Array [
  "Accessibility",
  "AccessibilityAlt",
  "AccessibilityColor",
  "AccessibilityColorFilled",
  "Account",
  "AccumulationIce",
  "AccumulationPrecipitation",
  "AccumulationRain",
  "AccumulationSnow",
  "Activity",
  "Add",
  "AddAlt",
  "AddComment",
  "AddFilled",
  "AgricultureAnalytics",
  "AirlineDigitalGate",
  "AirlineManageGates",
  "AirlinePassengerCare",
  "AirlineRapidBoard",
  "Airplay",
  "AirplayFilled",
  "AirportLocation",
  "Airport_01",
  "Airport_02",
  "Alarm",
  "AlarmAdd",
  "AlarmSubtract",
  "AlignBoxBottomCenter",
  "AlignBoxBottomLeft",
  "AlignBoxBottomRight",
  "AlignBoxMiddleCenter",
  "AlignBoxMiddleLeft",
  "AlignBoxMiddleRight",
  "AlignBoxTopCenter",
  "AlignBoxTopLeft",
  "AlignBoxTopRight",
  "AlignHorizontalCenter",
  "AlignHorizontalLeft",
  "AlignHorizontalRight",
  "AlignVerticalBottom",
  "AlignVerticalCenter",
  "AlignVerticalTop",
  "Analytics",
  "AnalyticsCustom",
  "AnalyticsReference",
  "Aperture",
  "Api",
  "Api_1",
  "App",
  "AppConnectivity",
  "Apple",
  "Application",
  "ApplicationMobile",
  "ApplicationVirtual",
  "ApplicationWeb",
  "Apps",
  "Archive",
  "Area",
  "AreaCustom",
  "Arrival",
  "ArrowDown",
  "ArrowDownLeft",
  "ArrowDownRight",
  "ArrowLeft",
  "ArrowRight",
  "ArrowShiftDown",
  "ArrowUp",
  "ArrowUpLeft",
  "ArrowUpRight",
  "ArrowsHorizontal",
  "ArrowsVertical",
  "Asleep",
  "AsleepFilled",
  "Assembly",
  "AssemblyCluster",
  "AssemblyReference",
  "Asset",
  "AssetConfirm",
  "AssetDigitalTwin",
  "AssetView",
  "Asterisk",
  "At",
  "Attachment",
  "AudioConsole",
  "AugmentedReality",
  "Automatic",
  "Autoscaling",
  "Awake",
  "Badge",
  "BaggageClaim",
  "Bar",
  "Barcode",
  "BareMetalServer",
  "BareMetalServer_01",
  "BareMetalServer_02",
  "Basketball",
  "BastionHost",
  "Bat",
  "BatteryCharging",
  "BatteryEmpty",
  "BatteryFull",
  "BatteryHalf",
  "BatteryLow",
  "BatteryQuarter",
  "Bee",
  "BeeBat",
  "Beta",
  "Bicycle",
  "Binoculars",
  "BlockStorage",
  "BlockStorageAlt",
  "Blockchain",
  "Blog",
  "Bluetooth",
  "BluetoothOff",
  "Book",
  "Bookmark",
  "BookmarkAdd",
  "BookmarkFilled",
  "Boolean",
  "Boot",
  "BorderBottom",
  "BorderFull",
  "BorderLeft",
  "BorderNone",
  "BorderRight",
  "BorderTop",
  "Bot",
  "Box",
  "BoxExtraLarge",
  "BoxLarge",
  "BoxMedium",
  "BoxPlot",
  "BoxSmall",
  "Branch",
  "BreakingChange",
  "BrightnessContrast",
  "BringForward",
  "BringToFront",
  "Building",
  "BuildingInsights_1",
  "BuildingInsights_2",
  "BuildingInsights_3",
  "Bullhorn",
  "Buoy",
  "Bus",
  "ButtonCentered",
  "ButtonFlushLeft",
  "CabinCare",
  "CabinCareAlert",
  "CabinCareAlt",
  "Cad",
  "Cafe",
  "Calculation",
  "CalculationAlt",
  "Calculator",
  "CalculatorCheck",
  "Calendar",
  "CalendarHeatMap",
  "CalendarSettings",
  "CalendarTools",
  "Calibrate",
  "Camera",
  "CameraAction",
  "Campsite",
  "Car",
  "CarFront",
  "Carbon",
  "CarbonAccounting",
  "CarbonForIbmDotcom",
  "CarbonForIbmProduct",
  "CaretDown",
  "CaretLeft",
  "CaretRight",
  "CaretSort",
  "CaretSortDown",
  "CaretSortUp",
  "CaretUp",
  "CarouselHorizontal",
  "CarouselVertical",
  "Catalog",
  "Categories",
  "Category",
  "CategoryAdd",
  "CategoryAnd",
  "CategoryNew",
  "CategoryNewEach",
  "Caution",
  "CautionInverted",
  "Cda",
  "CellTower",
  "CenterCircle",
  "CenterSquare",
  "CenterToFit",
  "Certificate",
  "CertificateCheck",
  "ChangeCatalog",
  "CharacterDecimal",
  "CharacterFraction",
  "CharacterInteger",
  "CharacterLowerCase",
  "CharacterNegativeNumber",
  "CharacterPatterns",
  "CharacterSentenceCase",
  "CharacterUpperCase",
  "CharacterWholeNumber",
  "ChargingStation",
  "ChargingStationFilled",
  "ChartArea",
  "ChartAreaSmooth",
  "ChartAreaStepper",
  "ChartAverage",
  "ChartBar",
  "ChartBarFloating",
  "ChartBarOverlay",
  "ChartBarStacked",
  "ChartBarTarget",
  "ChartBubble",
  "ChartBubblePacked",
  "ChartBullet",
  "ChartCandlestick",
  "ChartClusterBar",
  "ChartColumn",
  "ChartColumnFloating",
  "ChartColumnTarget",
  "ChartCombo",
  "ChartComboStacked",
  "ChartCustom",
  "ChartErrorBar",
  "ChartErrorBarAlt",
  "ChartEvaluation",
  "ChartHighLow",
  "ChartHistogram",
  "ChartLine",
  "ChartLineData",
  "ChartLineSmooth",
  "ChartMarimekko",
  "ChartMaximum",
  "ChartMedian",
  "ChartMinimum",
  "ChartMultiLine",
  "ChartMultitype",
  "ChartNetwork",
  "ChartParallel",
  "ChartPie",
  "ChartPoint",
  "ChartPopulation",
  "ChartRadar",
  "ChartRadial",
  "ChartRelationship",
  "ChartRing",
  "ChartRiver",
  "ChartRose",
  "ChartScatter",
  "ChartSpiral",
  "ChartStacked",
  "ChartStepper",
  "ChartSunburst",
  "ChartTSne",
  "ChartTreemap",
  "ChartVennDiagram",
  "ChartViolinPlot",
  "ChartWaterfall",
  "ChartWinLoss",
  "Chart_3D",
  "Chat",
  "ChatBot",
  "ChatLaunch",
  "ChatOff",
  "ChatOperational",
  "Checkbox",
  "CheckboxChecked",
  "CheckboxCheckedFilled",
  "CheckboxIndeterminate",
  "CheckboxIndeterminateFilled",
  "Checkmark",
  "CheckmarkFilled",
  "CheckmarkFilledError",
  "CheckmarkFilledWarning",
  "CheckmarkOutline",
  "CheckmarkOutlineError",
  "CheckmarkOutlineWarning",
  "Chemistry",
  "ChemistryReference",
  "ChevronDown",
  "ChevronLeft",
  "ChevronMini",
  "ChevronRight",
  "ChevronSort",
  "ChevronSortDown",
  "ChevronSortUp",
  "ChevronUp",
  "Chip",
  "Choices",
  "ChooseItem",
  "ChoroplethMap",
  "CicsCmas",
  "CicsExplorer",
  "CicsRegion",
  "CicsRegionRouting",
  "CicsRegionTarget",
  "CicsSystemGroup",
  "CicsWuiRegion",
  "Cicsplex",
  "CircleDash",
  "CircleFill",
  "CircleFilled",
  "CirclePacking",
  "CircleSolid",
  "CircleStroke",
  "Classification",
  "ClassifierLanguage",
  "Clean",
  "Close",
  "CloseFilled",
  "CloseOutline",
  "ClosedCaption",
  "ClosedCaptionAlt",
  "ClosedCaptionFilled",
  "Cloud",
  "CloudAlerting",
  "CloudApp",
  "CloudAuditing",
  "CloudCeiling",
  "CloudDataOps",
  "CloudDownload",
  "CloudFoundry_1",
  "CloudFoundry_2",
  "CloudLogging",
  "CloudMonitoring",
  "CloudOffline",
  "CloudRegistry",
  "CloudSatellite",
  "CloudSatelliteConfig",
  "CloudSatelliteLink",
  "CloudSatelliteServices",
  "CloudServiceManagement",
  "CloudServices",
  "CloudUpload",
  "Cloudy",
  "Code",
  "CodeHide",
  "CodeReference",
  "CodeSigningService",
  "Cognitive",
  "Collaborate",
  "CollapseAll",
  "CollapseCategories",
  "ColorPalette",
  "ColorSwitch",
  "Column",
  "ColumnDelete",
  "ColumnDependency",
  "ColumnInsert",
  "Commit",
  "CommunicationUnified",
  "Compare",
  "Compass",
  "Concept",
  "ConditionPoint",
  "ConditionWaitPoint",
  "Connect",
  "ConnectRecursive",
  "ConnectSource",
  "ConnectTarget",
  "ConnectionReceive",
  "ConnectionSend",
  "ConnectionSignal",
  "ConnectionSignalOff",
  "ConnectionTwoWay",
  "Construction",
  "ContainerRegistry",
  "ContainerServices",
  "ContainerSoftware",
  "ContentDeliveryNetwork",
  "ContentView",
  "Continue",
  "ContinueFilled",
  "Contrast",
  "ConvertToCloud",
  "Cookie",
  "Copy",
  "CopyFile",
  "CopyLink",
  "Corn",
  "Corner",
  "Coronavirus",
  "Cost",
  "CostTotal",
  "Cough",
  "Course",
  "Covariate",
  "Credentials",
  "Critical",
  "CriticalSeverity",
  "Crop",
  "CropGrowth",
  "CropHealth",
  "CrossTab",
  "Crossroads",
  "CrowdReport",
  "CrowdReportFilled",
  "Csv",
  "Cube",
  "CubeView",
  "Currency",
  "CurrencyBaht",
  "CurrencyDollar",
  "CurrencyEuro",
  "CurrencyLira",
  "CurrencyPound",
  "CurrencyRuble",
  "CurrencyRupee",
  "CurrencyShekel",
  "CurrencyWon",
  "CurrencyYen",
  "Cursor_1",
  "Cursor_2",
  "Cut",
  "CutOut",
  "Cyclist",
  "Dashboard",
  "DashboardReference",
  "DataAccessor",
  "DataBackup",
  "DataBase",
  "DataBaseAlt",
  "DataBin",
  "DataBlob",
  "DataCenter",
  "DataCheck",
  "DataClass",
  "DataCollection",
  "DataConnected",
  "DataDefinition",
  "DataDiode",
  "DataEnrichment",
  "DataError",
  "DataFormat",
  "DataPlayer",
  "DataReference",
  "DataRefinery",
  "DataRefineryReference",
  "DataSet",
  "DataShare",
  "DataStructured",
  "DataTable",
  "DataTableReference",
  "DataUnstructured",
  "DataView",
  "DataViewAlt",
  "DataVis_1",
  "DataVis_2",
  "DataVis_3",
  "DataVis_4",
  "Data_1",
  "Data_2",
  "DatabaseDatastax",
  "DatabaseElastic",
  "DatabaseEnterpriseDb2",
  "DatabaseEtcd",
  "DatabaseMongodb",
  "DatabasePostgreSql",
  "DatabaseRabbit",
  "DatabaseRedis",
  "Datastore",
  "Debug",
  "DecisionTree",
  "Delivery",
  "DeliveryAdd",
  "DeliveryParcel",
  "DeliveryTruck",
  "Departure",
  "Deploy",
  "DeployRules",
  "DeploymentPattern",
  "DeploymentPolicy",
  "DeploymentUnitData",
  "DeploymentUnitExecution",
  "DeploymentUnitInstallation",
  "DeploymentUnitPresentation",
  "DeploymentUnitTechnicalData",
  "DeploymentUnitTechnicalExecution",
  "DeploymentUnitTechnicalInstallation",
  "DeploymentUnitTechnicalPresentation",
  "DeskAdjustable",
  "Development",
  "Devices",
  "DewPoint",
  "DewPointFilled",
  "Diagram",
  "DiagramReference",
  "DirectLink",
  "DirectionBearRight_01",
  "DirectionBearRight_01Filled",
  "DirectionBearRight_02",
  "DirectionBearRight_02Filled",
  "DirectionCurve",
  "DirectionCurveFilled",
  "DirectionFork",
  "DirectionForkFilled",
  "DirectionLoopLeft",
  "DirectionLoopLeftFilled",
  "DirectionLoopRight",
  "DirectionLoopRightFilled",
  "DirectionMerge",
  "DirectionMergeFilled",
  "DirectionRight_01",
  "DirectionRight_01Filled",
  "DirectionRight_02",
  "DirectionRight_02Filled",
  "DirectionRotaryFirstRight",
  "DirectionRotaryFirstRightFilled",
  "DirectionRotaryRight",
  "DirectionRotaryRightFilled",
  "DirectionRotaryStraight",
  "DirectionRotaryStraightFilled",
  "DirectionSharpTurn",
  "DirectionSharpTurnFilled",
  "DirectionStraight",
  "DirectionStraightFilled",
  "DirectionStraightRight",
  "DirectionStraightRightFilled",
  "DirectionUTurn",
  "DirectionUTurnFilled",
  "DirectoryDomain",
  "DistributeHorizontalCenter",
  "DistributeHorizontalLeft",
  "DistributeHorizontalRight",
  "DistributeVerticalBottom",
  "DistributeVerticalCenter",
  "DistributeVerticalTop",
  "DnsServices",
  "Doc",
  "Document",
  "DocumentAdd",
  "DocumentAttachment",
  "DocumentAudio",
  "DocumentBlank",
  "DocumentDownload",
  "DocumentEpdf",
  "DocumentExport",
  "DocumentHorizontal",
  "DocumentImport",
  "DocumentPdf",
  "DocumentPreliminary",
  "DocumentProtected",
  "DocumentSecurity",
  "DocumentSentiment",
  "DocumentSigned",
  "DocumentSketch",
  "DocumentSubtract",
  "DocumentTasks",
  "DocumentUnknown",
  "DocumentUnprotected",
  "DocumentVertical",
  "DocumentVideo",
  "DocumentView",
  "DocumentWordProcessor",
  "DocumentWordProcessorReference",
  "DogWalker",
  "DotMark",
  "DoubleInteger",
  "DownToBottom",
  "Download",
  "DragHorizontal",
  "DragVertical",
  "Draggable",
  "Draw",
  "DrillBack",
  "DrillDown",
  "DrillThrough",
  "DriverAnalysis",
  "Drone",
  "DroneDelivery",
  "DroneFront",
  "DroneVideo",
  "DropPhoto",
  "DropPhotoFilled",
  "Drought",
  "Dvr",
  "Earth",
  "EarthAmericas",
  "EarthAmericasFilled",
  "EarthEuropeAfrica",
  "EarthEuropeAfricaFilled",
  "EarthFilled",
  "EarthSoutheastAsia",
  "EarthSoutheastAsiaFilled",
  "Earthquake",
  "EdgeCluster",
  "EdgeDevice",
  "EdgeNode",
  "EdgeNodeAlt",
  "EdgeService",
  "Edit",
  "EditOff",
  "EdtLoop",
  "Education",
  "Email",
  "EmailNew",
  "Encryption",
  "EnergyRenewable",
  "Enterprise",
  "Equalizer",
  "Erase",
  "Error",
  "ErrorFilled",
  "ErrorOutline",
  "Event",
  "EventSchedule",
  "Events",
  "EventsAlt",
  "ExamMode",
  "Exit",
  "ExpandAll",
  "ExpandCategories",
  "Explore",
  "Export",
  "Eyedropper",
  "FaceActivated",
  "FaceActivatedAdd",
  "FaceActivatedFilled",
  "FaceAdd",
  "FaceCool",
  "FaceDissatisfied",
  "FaceDissatisfiedFilled",
  "FaceDizzy",
  "FaceDizzyFilled",
  "FaceMask",
  "FaceNeutral",
  "FaceNeutralFilled",
  "FacePending",
  "FacePendingFilled",
  "FaceSatisfied",
  "FaceSatisfiedFilled",
  "FaceWink",
  "FaceWinkFilled",
  "Factor",
  "Fade",
  "Favorite",
  "FavoriteFilled",
  "FavoriteHalf",
  "FetchUpload",
  "FetchUploadCloud",
  "FileStorage",
  "Filter",
  "FilterEdit",
  "FilterRemove",
  "FilterReset",
  "Finance",
  "FingerprintRecognition",
  "Fire",
  "Firewall",
  "FirewallClassic",
  "Fish",
  "FishMultiple",
  "FitToHeight",
  "FitToScreen",
  "FitToWidth",
  "Flag",
  "FlagFilled",
  "FlaggingTaxi",
  "Flash",
  "FlashFilled",
  "FlashOff",
  "FlashOffFilled",
  "FlightInternational",
  "FlightRoster",
  "FlightSchedule",
  "FloatingIp",
  "Flood",
  "FloodWarning",
  "Floorplan",
  "Flow",
  "FlowConnection",
  "FlowData",
  "FlowLogsVpc",
  "FlowModeler",
  "FlowModelerReference",
  "FlowStream",
  "FlowStreamReference",
  "Fog",
  "Folder",
  "FolderAdd",
  "FolderDetails",
  "FolderDetailsReference",
  "FolderMoveTo",
  "FolderOff",
  "FolderOpen",
  "FolderParent",
  "FolderShared",
  "Folders",
  "ForecastHail",
  "ForecastHail_30",
  "ForecastLightning",
  "ForecastLightning_30",
  "Fork",
  "Forum",
  "Forward_10",
  "Forward_30",
  "Forward_5",
  "Fragile",
  "Friendship",
  "FruitBowl",
  "Function",
  "FunctionMath",
  "GameConsole",
  "GameWireless",
  "Gamification",
  "GasStation",
  "GasStationFilled",
  "Gateway",
  "GatewayApi",
  "GatewayMail",
  "GatewayPublic",
  "GatewaySecurity",
  "GatewayUserAccess",
  "GatewayVpn",
  "GenderFemale",
  "GenderMale",
  "GeneratePdf",
  "Gif",
  "Gift",
  "Globe",
  "Gradient",
  "GraphicalDataFlow",
  "Grid",
  "Group",
  "GroupAccess",
  "GroupAccount",
  "GroupObjects",
  "GroupObjectsNew",
  "GroupObjectsSave",
  "GroupPresentation",
  "GroupResource",
  "GroupSecurity",
  "Growth",
  "Gui",
  "GuiManagement",
  "Hail",
  "Harbor",
  "HardwareSecurityModule",
  "Hashtag",
  "Haze",
  "HazeNight",
  "Hd",
  "HdFilled",
  "Hdr",
  "Headphones",
  "Headset",
  "HealthCross",
  "Hearing",
  "HeatMap",
  "HeatMapStocks",
  "HeatMap_02",
  "HeatMap_03",
  "Helicopter",
  "Help",
  "HelpDesk",
  "HelpFilled",
  "Home",
  "HorizontalView",
  "Hospital",
  "HospitalBed",
  "Hotel",
  "Hourglass",
  "Html",
  "HtmlReference",
  "Http",
  "Humidity",
  "HumidityAlt",
  "Hurricane",
  "HybridNetworking",
  "HybridNetworkingAlt",
  "IbmCloud",
  "IbmCloudDedicatedHost",
  "IbmCloudInternetServices",
  "IbmCloudPakApplications",
  "IbmCloudPakData",
  "IbmCloudPakIntegration",
  "IbmCloudPakMulticloudMgmt",
  "IbmCloudPakNetworkAutomation",
  "IbmCloudPakSecurity",
  "IbmCloudPakSystem",
  "IbmCloudPakWatsonAiops",
  "IbmCloudSecurityComplianceCenter",
  "IbmCloudSubnets",
  "IbmCloudTransitGateway",
  "IbmCloudVpcEndpoints",
  "IbmDataReplication",
  "IbmMatch_360",
  "IbmSecurity",
  "IbmSecurityServices",
  "IbmWatsonOrders",
  "IceAccretion",
  "IceVision",
  "Icon",
  "IdManagement",
  "Idea",
  "Identification",
  "Image",
  "ImageCopy",
  "ImageMedical",
  "ImageReference",
  "ImageSearch",
  "ImageSearchAlt",
  "ImageService",
  "ImportExport",
  "ImproveRelevance",
  "InProgress",
  "InProgressError",
  "InProgressWarning",
  "Incomplete",
  "IncompleteCancel",
  "IncompleteError",
  "IncompleteWarning",
  "IncreaseLevel",
  "Industry",
  "Information",
  "InformationDisabled",
  "InformationFilled",
  "InformationSquare",
  "InformationSquareFilled",
  "InfrastructureClassic",
  "Insert",
  "InsertPage",
  "InsertSyntax",
  "Inspection",
  "InstanceBx",
  "InstanceClassic",
  "InstanceCx",
  "InstanceMx",
  "InstanceVirtual",
  "Integration",
  "IntentRequestActive",
  "IntentRequestCreate",
  "IntentRequestHeal",
  "IntentRequestInactive",
  "IntentRequestScaleIn",
  "IntentRequestScaleOut",
  "IntentRequestUninstall",
  "IntentRequestUpgrade",
  "Interactions",
  "Intersect",
  "IntrusionPrevention",
  "InventoryManagement",
  "IotConnect",
  "IotPlatform",
  "Iso",
  "IsoFilled",
  "IsoOutline",
  "JoinFull",
  "JoinInner",
  "JoinLeft",
  "JoinOuter",
  "JoinRight",
  "Jpg",
  "Json",
  "JsonReference",
  "JumpLink",
  "KeepDry",
  "Keyboard",
  "Kubernetes",
  "Label",
  "Language",
  "Laptop",
  "Lasso",
  "LassoPolygon",
  "Launch",
  "Layers",
  "Legend",
  "LetterAa",
  "LetterBb",
  "LetterCc",
  "LetterDd",
  "LetterEe",
  "LetterFf",
  "LetterGg",
  "LetterHh",
  "LetterIi",
  "LetterJj",
  "LetterKk",
  "LetterLl",
  "LetterMm",
  "LetterNn",
  "LetterOo",
  "LetterPp",
  "LetterQq",
  "LetterRr",
  "LetterSs",
  "LetterTt",
  "LetterUu",
  "LetterVv",
  "LetterWw",
  "LetterXx",
  "LetterYy",
  "LetterZz",
  "License",
  "LicenseDraft",
  "LicenseGlobal",
  "LicenseMaintenance",
  "LicenseMaintenanceDraft",
  "LicenseThirdParty",
  "LicenseThirdPartyDraft",
  "Lifesaver",
  "Light",
  "LightFilled",
  "Lightning",
  "Link",
  "Linux",
  "LinuxAlt",
  "List",
  "ListBoxes",
  "ListBulleted",
  "ListChecked",
  "ListDropdown",
  "ListNumbered",
  "LoadBalancerApplication",
  "LoadBalancerClassic",
  "LoadBalancerGlobal",
  "LoadBalancerListener",
  "LoadBalancerLocal",
  "LoadBalancerNetwork",
  "LoadBalancerPool",
  "LoadBalancerVpc",
  "Location",
  "LocationCompany",
  "LocationCompanyFilled",
  "LocationCurrent",
  "LocationFilled",
  "LocationHazard",
  "LocationHazardFilled",
  "LocationHeart",
  "LocationHeartFilled",
  "LocationPerson",
  "LocationPersonFilled",
  "LocationSave",
  "LocationStar",
  "LocationStarFilled",
  "Locked",
  "LogicalPartition",
  "Login",
  "LogoDigg",
  "LogoDiscord",
  "LogoFacebook",
  "LogoFlickr",
  "LogoGithub",
  "LogoGlassdoor",
  "LogoInstagram",
  "LogoJupyter",
  "LogoKeybase",
  "LogoLinkedin",
  "LogoLivestream",
  "LogoMedium",
  "LogoOpenshift",
  "LogoPinterest",
  "LogoPython",
  "LogoQuora",
  "LogoRScript",
  "LogoSkype",
  "LogoSlack",
  "LogoSnapchat",
  "LogoTumblr",
  "LogoTwitter",
  "LogoVmware",
  "LogoWechat",
  "LogoXing",
  "LogoYelp",
  "LogoYoutube",
  "Logout",
  "Loop",
  "LowSeverity",
  "MacCommand",
  "MacOption",
  "MacShift",
  "MachineLearning",
  "MachineLearningModel",
  "MagicWand",
  "MagicWandFilled",
  "MailAll",
  "MailReply",
  "ManageProtection",
  "ManagedSolutions",
  "Map",
  "MapBoundary",
  "MapBoundaryVegetation",
  "MapCenter",
  "MapIdentify",
  "MarineWarning",
  "MathCurve",
  "Maximize",
  "MediaCast",
  "MediaLibrary",
  "MediaLibraryFilled",
  "Medication",
  "MedicationAlert",
  "MedicationReminder",
  "Menu",
  "MessageQueue",
  "Meter",
  "MeterAlt",
  "Microphone",
  "MicrophoneFilled",
  "MicrophoneOff",
  "MicrophoneOffFilled",
  "Microscope",
  "Migrate",
  "MigrateAlt",
  "Milestone",
  "MilitaryCamp",
  "Minimize",
  "Misuse",
  "MisuseOutline",
  "MixedRainHail",
  "Mobile",
  "MobileAdd",
  "MobileAudio",
  "MobileCheck",
  "MobileDownload",
  "MobileLandscape",
  "MobilityServices",
  "Model",
  "ModelAlt",
  "ModelBuilder",
  "ModelBuilderReference",
  "ModelReference",
  "Money",
  "Monster",
  "Monument",
  "Moon",
  "Moonrise",
  "Moonset",
  "MostlyCloudy",
  "MostlyCloudyNight",
  "Mountain",
  "Mov",
  "Move",
  "Movement",
  "Mp3",
  "Mp4",
  "Mpeg",
  "Mpg2",
  "Music",
  "MusicAdd",
  "MusicRemove",
  "NameSpace",
  "NavaidCivil",
  "NavaidDme",
  "NavaidHelipad",
  "NavaidMilitary",
  "NavaidMilitaryCivil",
  "NavaidNdb",
  "NavaidNdbDme",
  "NavaidPrivate",
  "NavaidSeaplane",
  "NavaidTacan",
  "NavaidVhfor",
  "NavaidVor",
  "NavaidVordme",
  "NavaidVortac",
  "Need",
  "NetworkAdminControl",
  "NetworkEnterprise",
  "NetworkOverlay",
  "NetworkPublic",
  "Network_1",
  "Network_2",
  "Network_3",
  "Network_3Reference",
  "Network_4",
  "Network_4Reference",
  "NewTab",
  "NextFilled",
  "NextOutline",
  "NoImage",
  "NoTicket",
  "Nominal",
  "NonCertified",
  "NoodleBowl",
  "NotAvailable",
  "NotSent",
  "NotSentFilled",
  "Notebook",
  "NotebookReference",
  "Notification",
  "NotificationFilled",
  "NotificationNew",
  "NotificationOff",
  "NotificationOffFilled",
  "NumberSmall_0",
  "NumberSmall_1",
  "NumberSmall_2",
  "NumberSmall_3",
  "NumberSmall_4",
  "NumberSmall_5",
  "NumberSmall_6",
  "NumberSmall_7",
  "NumberSmall_8",
  "NumberSmall_9",
  "Number_0",
  "Number_1",
  "Number_2",
  "Number_3",
  "Number_4",
  "Number_5",
  "Number_6",
  "Number_7",
  "Number_8",
  "Number_9",
  "ObjectStorage",
  "ObjectStorageAlt",
  "ObservedHail",
  "ObservedLightning",
  "Omega",
  "Opacity",
  "OpenPanelBottom",
  "OpenPanelFilledBottom",
  "OpenPanelFilledLeft",
  "OpenPanelFilledRight",
  "OpenPanelFilledTop",
  "OpenPanelLeft",
  "OpenPanelRight",
  "OpenPanelTop",
  "OperationsField",
  "OperationsRecord",
  "OrderDetails",
  "Ordinal",
  "Outage",
  "OutlookSevere",
  "OverflowMenuHorizontal",
  "OverflowMenuVertical",
  "Overlay",
  "Package",
  "PageBreak",
  "PageFirst",
  "PageLast",
  "PageNumber",
  "PaintBrush",
  "PaintBrushAlt",
  "PalmTree",
  "PanHorizontal",
  "PanVertical",
  "PanelExpansion",
  "Paragraph",
  "Parameter",
  "ParentChild",
  "PartlyCloudy",
  "PartlyCloudyNight",
  "Partnership",
  "PassengerDrinks",
  "PassengerPlus",
  "Password",
  "Paste",
  "Pause",
  "PauseFilled",
  "PauseFuture",
  "PauseOutline",
  "PauseOutlineFilled",
  "PausePast",
  "PcnENode",
  "PcnMilitary",
  "PcnPNode",
  "PcnZNode",
  "Pdf",
  "PdfReference",
  "Pedestrian",
  "PedestrianChild",
  "PedestrianFamily",
  "Pen",
  "PenFountain",
  "Pending",
  "PendingFilled",
  "Percentage",
  "PercentageFilled",
  "Person",
  "PersonFavorite",
  "Pest",
  "Phone",
  "PhoneApplication",
  "PhoneBlock",
  "PhoneBlockFilled",
  "PhoneFilled",
  "PhoneIncoming",
  "PhoneIncomingFilled",
  "PhoneIp",
  "PhoneOff",
  "PhoneOffFilled",
  "PhoneOutgoing",
  "PhoneOutgoingFilled",
  "PhoneSettings",
  "PhoneVoice",
  "PhoneVoiceFilled",
  "PhraseSentiment",
  "PicnicArea",
  "PiggyBank",
  "PiggyBankSlot",
  "Pills",
  "PillsAdd",
  "PillsSubtract",
  "Pin",
  "PinFilled",
  "Plane",
  "PlanePrivate",
  "PlaneSea",
  "Play",
  "PlayFilled",
  "PlayFilledAlt",
  "PlayOutline",
  "PlayOutlineFilled",
  "Playlist",
  "Plug",
  "PlugFilled",
  "Png",
  "PointOfPresence",
  "Police",
  "Policy",
  "Popup",
  "Portfolio",
  "Power",
  "Ppt",
  "PresentationFile",
  "Pressure",
  "PressureFilled",
  "PreviousFilled",
  "PreviousOutline",
  "Printer",
  "Product",
  "ProgressBar",
  "ProgressBarRound",
  "PropertyRelationship",
  "Purchase",
  "QBarrier",
  "QBlochSphere",
  "QCU1",
  "QCU3",
  "QCY",
  "QCZ",
  "QCcX",
  "QCircuitComposer",
  "QComposerEdit",
  "QH",
  "QHintonPlot",
  "QID",
  "QMatrix",
  "QOperation",
  "QOperationGauge",
  "QOperationIf",
  "QS",
  "QSAlt",
  "QT",
  "QTAlt",
  "QU1",
  "QU2",
  "QU3",
  "QX",
  "QY",
  "QZ",
  "QqPlot",
  "QrCode",
  "QuadrantPlot",
  "Query",
  "QueryQueue",
  "Queued",
  "Quotes",
  "Radar",
  "RadarEnhanced",
  "RadarWeather",
  "Radio",
  "RadioButton",
  "RadioButtonChecked",
  "RadioCombat",
  "RadioPushToTalk",
  "Rain",
  "RainDrizzle",
  "RainDrop",
  "RainHeavy",
  "RainScattered",
  "RainScatteredNight",
  "Raw",
  "Receipt",
  "RecentlyViewed",
  "Recommend",
  "Recording",
  "RecordingFilled",
  "RecordingFilledAlt",
  "Redo",
  "RefEvapotranspiration",
  "ReflectHorizontal",
  "ReflectVertical",
  "Reminder",
  "ReminderMedical",
  "Renew",
  "Repeat",
  "RepeatOne",
  "Replicate",
  "Reply",
  "ReplyAll",
  "Report",
  "ReportData",
  "RequestQuote",
  "Reset",
  "ResetAlt",
  "Restart",
  "Restaurant",
  "RestaurantFine",
  "Result",
  "ResultNew",
  "ResultOld",
  "RetryFailed",
  "Review",
  "Rewind_10",
  "Rewind_30",
  "Rewind_5",
  "Road",
  "RoadWeather",
  "Roadmap",
  "Rocket",
  "Rotate",
  "RotateClockwise",
  "RotateClockwiseAlt",
  "RotateClockwiseAltFilled",
  "RotateClockwiseFilled",
  "RotateCounterclockwise",
  "RotateCounterclockwiseAlt",
  "RotateCounterclockwiseAltFilled",
  "RotateCounterclockwiseFilled",
  "Router",
  "RouterVoice",
  "RouterWifi",
  "Row",
  "RowCollapse",
  "RowDelete",
  "RowExpand",
  "RowInsert",
  "Rss",
  "Rule",
  "RuleCancelled",
  "RuleDraft",
  "RuleFilled",
  "RuleTest",
  "Ruler",
  "RulerAlt",
  "Run",
  "SailboatCoastal",
  "SailboatOffshore",
  "SankeyDiagram",
  "SankeyDiagramAlt",
  "Satellite",
  "SatelliteRadar",
  "SatelliteWeather",
  "Save",
  "SaveModel",
  "Scale",
  "Scales",
  "ScalesTipped",
  "Scalpel",
  "Scan",
  "ScanAlt",
  "ScanDisabled",
  "ScatterMatrix",
  "Schematics",
  "ScisControlTower",
  "ScisTransparentSupply",
  "Scooter",
  "ScooterFront",
  "Screen",
  "ScreenOff",
  "Script",
  "ScriptReference",
  "Sdk",
  "Search",
  "SearchAdvanced",
  "SearchLocate",
  "Security",
  "SecurityServices",
  "SelectWindow",
  "Select_01",
  "Select_02",
  "Send",
  "SendAlt",
  "SendAltFilled",
  "SendBackward",
  "SendFilled",
  "SendToBack",
  "ServerDns",
  "ServerProxy",
  "ServerTime",
  "ServiceDesk",
  "SessionBorderControl",
  "Settings",
  "SettingsAdjust",
  "SettingsCheck",
  "SettingsServices",
  "SettingsView",
  "ShapeExcept",
  "ShapeExclude",
  "ShapeIntersect",
  "ShapeJoin",
  "ShapeUnite",
  "Share",
  "ShareKnowledge",
  "ShoppingBag",
  "ShoppingCart",
  "ShoppingCartArrowDown",
  "ShoppingCartArrowUp",
  "ShoppingCartClear",
  "ShoppingCartError",
  "ShoppingCartMinus",
  "ShoppingCartPlus",
  "ShoppingCatalog",
  "ShowDataCards",
  "ShrinkScreen",
  "ShrinkScreenFilled",
  "Shuffle",
  "Shuttle",
  "Sight",
  "Sigma",
  "SignalStrength",
  "SimCard",
  "SkillLevel",
  "SkillLevelAdvanced",
  "SkillLevelBasic",
  "SkillLevelIntermediate",
  "SkipBack",
  "SkipBackFilled",
  "SkipBackOutline",
  "SkipBackOutlineFilled",
  "SkipBackOutlineSolid",
  "SkipBackSolidFilled",
  "SkipForward",
  "SkipForwardFilled",
  "SkipForwardOutline",
  "SkipForwardOutlineFilled",
  "SkipForwardOutlineSolid",
  "SkipForwardSolidFilled",
  "Sleet",
  "Slisor",
  "Smell",
  "Smoke",
  "Snooze",
  "Snow",
  "SnowBlizzard",
  "SnowDensity",
  "SnowHeavy",
  "SnowScattered",
  "SnowScatteredNight",
  "Snowflake",
  "Soccer",
  "SoftwareResource",
  "SoftwareResourceCluster",
  "SoftwareResourceResource",
  "SoilMoisture",
  "SoilMoistureField",
  "SoilMoistureGlobal",
  "SoilTemperature",
  "SoilTemperatureField",
  "SoilTemperatureGlobal",
  "SolarPanel",
  "SortAscending",
  "SortDescending",
  "SortRemove",
  "SpellCheck",
  "Split",
  "SplitScreen",
  "SprayPaint",
  "Sprout",
  "Sql",
  "SquareFill",
  "StackLimitation",
  "Stamp",
  "Star",
  "StarFilled",
  "StarHalf",
  "StarReview",
  "StayInside",
  "StemLeafPlot",
  "Stethoscope",
  "Stop",
  "StopFilled",
  "StopFilledAlt",
  "StopOutline",
  "StopOutlineFilled",
  "StopSign",
  "StopSignFilled",
  "StoragePool",
  "StorageRequest",
  "Store",
  "StormTracker",
  "Strawberry",
  "StringInteger",
  "StringText",
  "Subflow",
  "SubflowLocal",
  "SubnetAclRules",
  "Subtract",
  "SubtractAlt",
  "SummaryKpi",
  "Sun",
  "Sunrise",
  "Sunset",
  "Svg",
  "Swim",
  "SwitchLayer_2",
  "SwitchLayer_3",
  "Switcher",
  "SysProvision",
  "Table",
  "TableAlias",
  "TableBuilt",
  "TableOfContents",
  "TableShortcut",
  "TableSplit",
  "Tablet",
  "TabletLandscape",
  "Tag",
  "TagEdit",
  "TagExport",
  "TagGroup",
  "TagImport",
  "TagNone",
  "Tank",
  "Task",
  "TaskAdd",
  "TaskApproved",
  "TaskAssetView",
  "TaskComplete",
  "TaskLocation",
  "TaskRemove",
  "TaskSettings",
  "TaskStar",
  "TaskTools",
  "TaskView",
  "Taste",
  "Taxi",
  "Temperature",
  "TemperatureCelsius",
  "TemperatureCelsiusAlt",
  "TemperatureFahrenheit",
  "TemperatureFahrenheitAlt",
  "TemperatureFeelsLike",
  "TemperatureFrigid",
  "TemperatureHot",
  "TemperatureInversion",
  "TemperatureMax",
  "TemperatureMin",
  "TemperatureWater",
  "Template",
  "Tennis",
  "TennisBall",
  "Term",
  "Terminal",
  "Terminal_3270",
  "TextAlignCenter",
  "TextAlignJustify",
  "TextAlignLeft",
  "TextAlignMixed",
  "TextAlignRight",
  "TextAllCaps",
  "TextBold",
  "TextClearFormat",
  "TextColor",
  "TextCreation",
  "TextFill",
  "TextFont",
  "TextFootnote",
  "TextHighlight",
  "TextIndent",
  "TextIndentLess",
  "TextIndentMore",
  "TextItalic",
  "TextKerning",
  "TextLeading",
  "TextLineSpacing",
  "TextLink",
  "TextLinkAnalysis",
  "TextMining",
  "TextMiningApplier",
  "TextNewLine",
  "TextScale",
  "TextSelection",
  "TextSmallCaps",
  "TextStrikethrough",
  "TextSubscript",
  "TextSuperscript",
  "TextTracking",
  "TextUnderline",
  "TextVerticalAlignment",
  "TextWrap",
  "Theater",
  "ThisSideUp",
  "Thumbnail_1",
  "Thumbnail_2",
  "ThumbsDown",
  "ThumbsDownFilled",
  "ThumbsUp",
  "ThumbsUpFilled",
  "Thunderstorm",
  "ThunderstormScattered",
  "ThunderstormScatteredNight",
  "ThunderstormSevere",
  "ThunderstormStrong",
  "Ticket",
  "Tides",
  "Tif",
  "Time",
  "TimePlot",
  "Timer",
  "ToolBox",
  "ToolKit",
  "Tools",
  "ToolsAlt",
  "Tornado",
  "TornadoWarning",
  "TouchInteraction",
  "Touch_1",
  "Touch_1Down",
  "Touch_1DownFilled",
  "Touch_1Filled",
  "Touch_2",
  "Touch_2Filled",
  "TrafficCone",
  "TrafficEvent",
  "TrafficFlow",
  "TrafficFlowIncident",
  "TrafficIncident",
  "TrafficWeatherIncident",
  "Train",
  "TrainHeart",
  "TrainProfile",
  "TrainSpeed",
  "TrainTicket",
  "TrainTime",
  "Tram",
  "Transgender",
  "Translate",
  "TransmissionLte",
  "Transpose",
  "TrashCan",
  "Tree",
  "TreeFallRisk",
  "TreeView",
  "TreeViewAlt",
  "Trophy",
  "TrophyFilled",
  "TropicalStorm",
  "TropicalStormModelTracks",
  "TropicalStormTracks",
  "TropicalWarning",
  "Tsunami",
  "Tsv",
  "TwoFactorAuthentication",
  "TwoPersonLift",
  "Txt",
  "TxtReference",
  "TypePattern",
  "Types",
  "Umbrella",
  "Undefined",
  "UndefinedFilled",
  "Undo",
  "UngroupObjects",
  "Unknown",
  "UnknownFilled",
  "Unlink",
  "Unlocked",
  "UpToTop",
  "UpdateNow",
  "Upgrade",
  "Upload",
  "Usb",
  "User",
  "UserAccess",
  "UserActivity",
  "UserAdmin",
  "UserAvatar",
  "UserAvatarFilled",
  "UserAvatarFilledAlt",
  "UserCertification",
  "UserData",
  "UserFavorite",
  "UserFavoriteAlt",
  "UserFavoriteAltFilled",
  "UserFilled",
  "UserFollow",
  "UserIdentification",
  "UserMilitary",
  "UserMultiple",
  "UserOnline",
  "UserProfile",
  "UserProfileAlt",
  "UserRole",
  "UserServiceDesk",
  "UserSettings",
  "UserSimulation",
  "UserSpeaker",
  "UserXRay",
  "UvIndex",
  "UvIndexAlt",
  "UvIndexFilled",
  "ValueVariable",
  "Van",
  "VegetationAsset",
  "VehicleApi",
  "VehicleConnected",
  "VehicleInsights",
  "VehicleServices",
  "Version",
  "VerticalView",
  "Video",
  "VideoAdd",
  "VideoChat",
  "VideoFilled",
  "VideoOff",
  "VideoOffFilled",
  "View",
  "ViewFilled",
  "ViewMode_1",
  "ViewMode_2",
  "ViewNext",
  "ViewOff",
  "ViewOffFilled",
  "VirtualColumn",
  "VirtualColumnKey",
  "VirtualDesktop",
  "VirtualMachine",
  "VirtualPrivateCloud",
  "VirtualPrivateCloudAlt",
  "VisualRecognition",
  "Vlan",
  "VlanIbm",
  "VmdkDisk",
  "VoiceActivate",
  "Voicemail",
  "VolumeBlockStorage",
  "VolumeDown",
  "VolumeDownAlt",
  "VolumeDownFilled",
  "VolumeDownFilledAlt",
  "VolumeFileStorage",
  "VolumeMute",
  "VolumeMuteFilled",
  "VolumeObjectStorage",
  "VolumeUp",
  "VolumeUpAlt",
  "VolumeUpFilled",
  "VolumeUpFilledAlt",
  "Vpn",
  "VpnConnection",
  "VpnPolicy",
  "Wallet",
  "Warning",
  "WarningAlt",
  "WarningAltFilled",
  "WarningAltInverted",
  "WarningAltInvertedFilled",
  "WarningFilled",
  "WarningHex",
  "WarningHexFilled",
  "WarningOther",
  "WarningSquare",
  "WarningSquareFilled",
  "Watch",
  "Watson",
  "WatsonHealth3DCursor",
  "WatsonHealth3DCursorAlt",
  "WatsonHealth3DCurveAutoColon",
  "WatsonHealth3DCurveAutoVessels",
  "WatsonHealth3DCurveManual",
  "WatsonHealth3DICa",
  "WatsonHealth3DMprToggle",
  "WatsonHealth3DPrintMesh",
  "WatsonHealth3DSoftware",
  "WatsonHealth3rdPartyConnected",
  "WatsonHealthAiResults",
  "WatsonHealthAiResultsHigh",
  "WatsonHealthAiResultsLow",
  "WatsonHealthAiResultsMedium",
  "WatsonHealthAiResultsUrgent",
  "WatsonHealthAiResultsVeryHigh",
  "WatsonHealthAiStatus",
  "WatsonHealthAiStatusComplete",
  "WatsonHealthAiStatusFailed",
  "WatsonHealthAiStatusInProgress",
  "WatsonHealthAiStatusQueued",
  "WatsonHealthAiStatusRejected",
  "WatsonHealthAngle",
  "WatsonHealthAnnotationVisibility",
  "WatsonHealthArrowAnnotation",
  "WatsonHealthAutoScroll",
  "WatsonHealthBrushFreehand",
  "WatsonHealthBrushPolygon",
  "WatsonHealthCdArchive",
  "WatsonHealthCdCreateArchive",
  "WatsonHealthCdCreateExchange",
  "WatsonHealthCircleMeasurement",
  "WatsonHealthCobbAngle",
  "WatsonHealthContourDraw",
  "WatsonHealthContourEdit",
  "WatsonHealthContourFinding",
  "WatsonHealthCrossReference",
  "WatsonHealthCutInHalf",
  "WatsonHealthDenominate",
  "WatsonHealthDicomOverlay",
  "WatsonHealthDicom_6000",
  "WatsonHealthDna",
  "WatsonHealthDownloadStudy",
  "WatsonHealthEdgeEnhancement",
  "WatsonHealthEdgeEnhancement_01",
  "WatsonHealthEdgeEnhancement_02",
  "WatsonHealthEdgeEnhancement_03",
  "WatsonHealthErase_3D",
  "WatsonHealthFusionBlender",
  "WatsonHealthHangingProtocol",
  "WatsonHealthHl7Attributes",
  "WatsonHealthHoleFilling",
  "WatsonHealthHoleFillingCursor",
  "WatsonHealthICa_2D",
  "WatsonHealthInteractiveSegmentationCursor",
  "WatsonHealthLaunchStudy_1",
  "WatsonHealthLaunchStudy_2",
  "WatsonHealthLaunchStudy_3",
  "WatsonHealthMagnify",
  "WatsonHealthMammogram",
  "WatsonHealthNominate",
  "WatsonHealthPageScroll",
  "WatsonHealthPetImageB",
  "WatsonHealthPetImageO",
  "WatsonHealthPointerText",
  "WatsonHealthQcLaunch",
  "WatsonHealthRegionAnalysisArea",
  "WatsonHealthRegionAnalysisVolume",
  "WatsonHealthRegistration",
  "WatsonHealthRotate_180",
  "WatsonHealthRotate_360",
  "WatsonHealthSaveAnnotation",
  "WatsonHealthSaveImage",
  "WatsonHealthSaveSeries",
  "WatsonHealthScalpelCursor",
  "WatsonHealthScalpelLasso",
  "WatsonHealthScalpelSelect",
  "WatsonHealthSmoothing",
  "WatsonHealthSmoothingCursor",
  "WatsonHealthSpineLabel",
  "WatsonHealthSplitDiscard",
  "WatsonHealthStackedMove",
  "WatsonHealthStackedScrolling_1",
  "WatsonHealthStackedScrolling_2",
  "WatsonHealthStatusAcknowledge",
  "WatsonHealthStatusChange",
  "WatsonHealthStatusPartialFail",
  "WatsonHealthStatusResolved",
  "WatsonHealthStressBreathEditor",
  "WatsonHealthStudyNext",
  "WatsonHealthStudyPrevious",
  "WatsonHealthStudyRead",
  "WatsonHealthStudySkip",
  "WatsonHealthStudyTransfer",
  "WatsonHealthStudyUnread",
  "WatsonHealthStudyView",
  "WatsonHealthSubVolume",
  "WatsonHealthTextAnnotationToggle",
  "WatsonHealthThreshold",
  "WatsonHealthThumbnailPreview",
  "WatsonHealthWindowAuto",
  "WatsonHealthWindowBase",
  "WatsonHealthWindowBlackSaturation",
  "WatsonHealthWindowOverlay",
  "WatsonHealthWindowPreset",
  "WatsonHealthZoomPan",
  "WatsonMachineLearning",
  "WaveDirection",
  "WaveHeight",
  "WavePeriod",
  "WeatherFrontCold",
  "WeatherFrontStationary",
  "WeatherFrontWarm",
  "WeatherStation",
  "Webhook",
  "Websheet",
  "Wheat",
  "Wifi",
  "WifiBridge",
  "WifiBridgeAlt",
  "WifiController",
  "WifiNotSecure",
  "WifiOff",
  "WifiSecure",
  "Wikis",
  "WindGusts",
  "WindPower",
  "WindStream",
  "Windy",
  "WindyDust",
  "WindySnow",
  "WindyStrong",
  "WinterWarning",
  "WintryMix",
  "WirelessCheckout",
  "Wmv",
  "WordCloud",
  "Workspace",
  "WorkspaceImport",
  "Worship",
  "WorshipChristian",
  "WorshipJewish",
  "WorshipMuslim",
  "XAxis",
  "Xls",
  "Xml",
  "YAxis",
  "ZAxis",
  "Zip",
  "ZipReference",
  "ZoomArea",
  "ZoomFit",
  "ZoomIn",
  "ZoomInArea",
  "ZoomOut",
  "ZoomOutArea",
  "ZoomReset",
  "_4K",
  "_4KFilled",
]
`;
