// Jest Snapshot v1, https://goo.gl/fbAQLP

exports[`sorting state sortStates should describe the available sort states 1`] = `
{
  "ASC": "ASC",
  "DESC": "DESC",
  "NONE": "NONE",
}
`;
