// Jest Snapshot v1, https://goo.gl/fbAQLP

exports[`HeaderName should render 1`] = `
<HeaderName
  className="custom-class"
  href="/"
  prefix="IBM"
>
  <Link
    className="cds--header__name custom-class"
    element="a"
    href="/"
  >
    <a
      className="cds--header__name custom-class"
      href="/"
    >
      <span
        className="cds--header__name--prefix"
      >
        IBM
      </span>
      Â 
      Name
    </a>
  </Link>
</HeaderName>
`;
