// Jest Snapshot v1, https://goo.gl/fbAQLP

exports[`Header should render 1`] = `
<Header
  aria-label="label"
  className="custom-class"
>
  <header
    aria-label="label"
    className="bx--header custom-class"
  />
</Header>
`;
