// Jest Snapshot v1, https://goo.gl/fbAQLP

exports[`HeaderGlobalAction should render 1`] = `
<HeaderGlobalAction
  aria-label="Accessibility label"
  className="custom-class"
  isActive={false}
  onClick={[MockFunction]}
>
  <Button
    aria-label="Accessibility label"
    className="custom-class bx--header__action"
    disabled={false}
    hasIconOnly={true}
    iconDescription="Accessibility label"
    kind="primary"
    onClick={[MockFunction]}
    size="default"
    tabIndex={0}
    tooltipAlignment="center"
    tooltipPosition="bottom"
    type="button"
  >
    <button
      aria-label="Accessibility label"
      aria-pressed={null}
      className="custom-class bx--header__action bx--btn bx--btn--primary bx--btn--icon-only bx--tooltip__trigger bx--tooltip--a11y bx--tooltip--bottom bx--tooltip--align-center"
      disabled={false}
      onClick={[MockFunction]}
      tabIndex={0}
      type="button"
    >
      <span
        className="bx--assistive-text"
      >
        Accessibility label
      </span>
      <ForwardRef(Fade32)>
        <Icon
          fill="currentColor"
          height={32}
          preserveAspectRatio="xMidYMid meet"
          viewBox="0 0 32 32"
          width={32}
          xmlns="http://www.w3.org/2000/svg"
        >
          <svg
            aria-hidden={true}
            fill="currentColor"
            focusable="false"
            height={32}
            preserveAspectRatio="xMidYMid meet"
            viewBox="0 0 32 32"
            width={32}
            xmlns="http://www.w3.org/2000/svg"
          >
            <path
              d="M8.24 25.14L7 26.67a13.79 13.79 0 004.18 2.44l.69-1.87A12 12 0 018.24 25.14zM4.19 18l-2 .41A14.09 14.09 0 003.86 23L5.59 22A12.44 12.44 0 014.19 18zM11.82 4.76l-.69-1.87A13.79 13.79 0 007 5.33L8.24 6.86A12 12 0 0111.82 4.76zM5.59 10L3.86 9a14.37 14.37 0 00-1.64 4.59l2 .34A12.05 12.05 0 015.59 10zM16 2V4a12 12 0 010 24v2A14 14 0 0016 2z"
            />
          </svg>
        </Icon>
      </ForwardRef(Fade32)>
    </button>
  </Button>
</HeaderGlobalAction>
`;
