// Jest Snapshot v1, https://goo.gl/fbAQLP

exports[`SideNavDetails should render 1`] = `
<SideNavDetails
  title="foo"
>
  <div
    className="cds--side-nav__details"
  >
    <h2
      className="cds--side-nav__title"
      title="foo"
    >
      foo
    </h2>
  </div>
</SideNavDetails>
`;
