// Jest Snapshot v1, https://goo.gl/fbAQLP

exports[`SideNavLinkText should render 1`] = `
<SideNavLinkText
  className="custom-classname"
>
  <span
    className="cds--side-nav__link-text custom-classname"
  >
    text
  </span>
</SideNavLinkText>
`;
