// Jest Snapshot v1, https://goo.gl/fbAQLP

exports[`BreadcrumbSkeleton should render 1`] = `
<BreadcrumbSkeleton>
  <div
    className="bx--breadcrumb bx--skeleton"
  >
    <Item>
      <div
        className="bx--breadcrumb-item"
      >
        <span
          className="bx--link"
        >
           
        </span>
      </div>
    </Item>
    <Item>
      <div
        className="bx--breadcrumb-item"
      >
        <span
          className="bx--link"
        >
           
        </span>
      </div>
    </Item>
    <Item>
      <div
        className="bx--breadcrumb-item"
      >
        <span
          className="bx--link"
        >
           
        </span>
      </div>
    </Item>
  </div>
</BreadcrumbSkeleton>
`;
